Component: ARM Compiler 5.06 update 1 (build 61) Tool: armlink [4d35a8]

==============================================================================

Section Cross References

    rtx_blinky.o(.text) refers to led_stm32f072-discovery.o(.text) for LED_GetCount
    rtx_blinky.o(.text) refers to rt_cmsis.o(i.osSignalWait) for osSignalWait
    rtx_blinky.o(.text) refers to buttons_stm32f072-discovery.o(.text) for Buttons_GetCount
    rtx_blinky.o(.text) refers to rt_cmsis.o(i.osKernelInitialize) for osKernelInitialize
    rtx_blinky.o(.text) refers to system_stm32f0xx.o(.text) for SystemCoreClockUpdate
    rtx_blinky.o(.text) refers to rt_cmsis.o(i.osThreadCreate) for osThreadCreate
    rtx_blinky.o(.text) refers to rt_cmsis.o(i.osKernelStart) for osKernelStart
    rtx_blinky.o(.text) refers to dac_drv.o(.text) for DAC_init
    rtx_blinky.o(.text) refers to rtx_blinky.o(.constdata) for os_thread_def_blinkLED
    rtx_blinky.o(.text) refers to rtx_blinky.o(.data) for tid_blinkLED
    rtx_blinky.o(.text) refers to rtx_blinky.o(.bss) for DAC_value2
    rtx_blinky.o(.constdata) refers to rtx_blinky.o(.text) for blinkLED
    led_stm32f072-discovery.o(.text) refers to led_stm32f072-discovery.o(.constdata) for led_mask
    rtx_conf_cm.o(.ARM.Collect$$$$000000FF) refers to rt_cmsis.o(i.osKernelInitialize) for osKernelInitialize
    rtx_conf_cm.o(.ARM.Collect$$$$000000FF) refers to rt_cmsis.o(i.osThreadCreate) for osThreadCreate
    rtx_conf_cm.o(.ARM.Collect$$$$000000FF) refers to rt_cmsis.o(i.osKernelStart) for osKernelStart
    rtx_conf_cm.o(.ARM.Collect$$$$000000FF) refers to rtx_conf_cm.o(.data) for .data
    rtx_conf_cm.o(.constdata) refers to rt_cmsis.o(i.osTimerThread) for osTimerThread
    rtx_conf_cm.o(.constdata) refers to rtx_conf_cm.o(.bss) for os_messageQ_q_osTimerMessageQ
    rtx_conf_cm.o(.data) refers to rtx_blinky.o(.text) for main
    startup_stm32f072xb.o(RESET) refers to startup_stm32f072xb.o(STACK) for __initial_sp
    startup_stm32f072xb.o(RESET) refers to startup_stm32f072xb.o(.text) for Reset_Handler
    startup_stm32f072xb.o(RESET) refers to hal_cm0.o(.emb_text) for SVC_Handler
    startup_stm32f072xb.o(.text) refers to system_stm32f0xx.o(.text) for SystemInit
    startup_stm32f072xb.o(.text) refers to entry.o(.ARM.Collect$$$$00000000) for __main
    system_stm32f0xx.o(.text) refers to uidiv.o(.text) for __aeabi_uidivmod
    system_stm32f0xx.o(.text) refers to system_stm32f0xx.o(.data) for SystemCoreClock
    system_stm32f0xx.o(.text) refers to system_stm32f0xx.o(.constdata) for AHBPrescTable
    rt_cmsis.o(i.isrMessageGet) refers to rt_mailbox.o(i.isr_mbx_receive) for isr_mbx_receive
    rt_cmsis.o(i.isrMessagePut) refers to rt_mailbox.o(i.rt_mbx_check) for rt_mbx_check
    rt_cmsis.o(i.isrMessagePut) refers to rt_mailbox.o(i.isr_mbx_send) for isr_mbx_send
    rt_cmsis.o(i.isrSemaphoreRelease) refers to rt_cmsis.o(i.rt_id2obj) for rt_id2obj
    rt_cmsis.o(i.isrSemaphoreRelease) refers to rt_semaphore.o(i.isr_sem_send) for isr_sem_send
    rt_cmsis.o(i.isrSignalSet) refers to rt_cmsis.o(i.rt_tid2ptcb) for rt_tid2ptcb
    rt_cmsis.o(i.isrSignalSet) refers to rt_event.o(i.isr_evt_set) for isr_evt_set
    rt_cmsis.o(i.osDelay) refers to rt_cmsis.o(i.svcDelay) for svcDelay
    rt_cmsis.o(i.osKernelInitialize) refers to rt_cmsis.o(i.svcKernelInitialize) for svcKernelInitialize
    rt_cmsis.o(i.osKernelRunning) refers to rt_cmsis.o(i.svcKernelRunning) for svcKernelRunning
    rt_cmsis.o(i.osKernelRunning) refers to rt_cmsis.o(.data) for .data
    rt_cmsis.o(i.osKernelStart) refers to rtx_conf_cm.o(.constdata) for os_flags
    rt_cmsis.o(i.osKernelStart) refers to rt_cmsis.o(i.svcKernelStart) for svcKernelStart
    rt_cmsis.o(i.osKernelSysTick) refers to rt_cmsis.o(i.svcKernelSysTick) for svcKernelSysTick
    rt_cmsis.o(i.osMailAlloc) refers to rt_cmsis.o(i.sysMailAlloc) for sysMailAlloc
    rt_cmsis.o(i.osMailCAlloc) refers to rt_cmsis.o(i.sysMailAlloc) for sysMailAlloc
    rt_cmsis.o(i.osMailCAlloc) refers to rt_cmsis.o(i.rt_clr_box) for rt_clr_box
    rt_cmsis.o(i.osMailCreate) refers to rt_cmsis.o(i.svcMailCreate) for svcMailCreate
    rt_cmsis.o(i.osMailCreate) refers to rt_cmsis.o(.data) for .data
    rt_cmsis.o(i.osMailFree) refers to rt_cmsis.o(i.sysMailFree) for sysMailFree
    rt_cmsis.o(i.osMailGet) refers to rt_cmsis.o(i.osMessageGet) for osMessageGet
    rt_cmsis.o(i.osMailPut) refers to rt_cmsis.o(i.osMessagePut) for osMessagePut
    rt_cmsis.o(i.osMessageCreate) refers to rt_cmsis.o(i.svcMessageCreate) for svcMessageCreate
    rt_cmsis.o(i.osMessageCreate) refers to rt_cmsis.o(.data) for .data
    rt_cmsis.o(i.osMessageGet) refers to rt_cmsis.o(i.isrMessageGet) for isrMessageGet
    rt_cmsis.o(i.osMessageGet) refers to rt_cmsis.o(i.svcMessageGet) for svcMessageGet
    rt_cmsis.o(i.osMessagePut) refers to rt_cmsis.o(i.isrMessagePut) for isrMessagePut
    rt_cmsis.o(i.osMessagePut) refers to rt_cmsis.o(i.svcMessagePut) for svcMessagePut
    rt_cmsis.o(i.osMutexCreate) refers to rt_cmsis.o(i.svcMutexCreate) for svcMutexCreate
    rt_cmsis.o(i.osMutexCreate) refers to rt_cmsis.o(.data) for .data
    rt_cmsis.o(i.osMutexDelete) refers to rt_cmsis.o(i.svcMutexDelete) for svcMutexDelete
    rt_cmsis.o(i.osMutexRelease) refers to rt_cmsis.o(i.svcMutexRelease) for svcMutexRelease
    rt_cmsis.o(i.osMutexWait) refers to rt_cmsis.o(i.svcMutexWait) for svcMutexWait
    rt_cmsis.o(i.osPoolAlloc) refers to rt_cmsis.o(i.sysPoolAlloc) for sysPoolAlloc
    rt_cmsis.o(i.osPoolCAlloc) refers to rt_cmsis.o(i.rt_clr_box) for rt_clr_box
    rt_cmsis.o(i.osPoolCAlloc) refers to rt_cmsis.o(i.sysPoolAlloc) for sysPoolAlloc
    rt_cmsis.o(i.osPoolCreate) refers to rt_cmsis.o(i.svcPoolCreate) for svcPoolCreate
    rt_cmsis.o(i.osPoolCreate) refers to rt_cmsis.o(.data) for .data
    rt_cmsis.o(i.osPoolFree) refers to rt_cmsis.o(i.sysPoolFree) for sysPoolFree
    rt_cmsis.o(i.osSemaphoreCreate) refers to rt_cmsis.o(i.svcSemaphoreCreate) for svcSemaphoreCreate
    rt_cmsis.o(i.osSemaphoreCreate) refers to rt_cmsis.o(.data) for .data
    rt_cmsis.o(i.osSemaphoreDelete) refers to rt_cmsis.o(i.svcSemaphoreDelete) for svcSemaphoreDelete
    rt_cmsis.o(i.osSemaphoreRelease) refers to rt_cmsis.o(i.isrSemaphoreRelease) for isrSemaphoreRelease
    rt_cmsis.o(i.osSemaphoreRelease) refers to rt_cmsis.o(i.svcSemaphoreRelease) for svcSemaphoreRelease
    rt_cmsis.o(i.osSemaphoreWait) refers to rt_cmsis.o(i.svcSemaphoreWait) for svcSemaphoreWait
    rt_cmsis.o(i.osSignalClear) refers to rt_cmsis.o(i.svcSignalClear) for svcSignalClear
    rt_cmsis.o(i.osSignalSet) refers to rt_cmsis.o(i.isrSignalSet) for isrSignalSet
    rt_cmsis.o(i.osSignalSet) refers to rt_cmsis.o(i.svcSignalSet) for svcSignalSet
    rt_cmsis.o(i.osSignalWait) refers to rt_cmsis.o(i.svcSignalWait) for svcSignalWait
    rt_cmsis.o(i.osThreadCreate) refers to rt_cmsis.o(i.svcThreadCreate) for svcThreadCreate
    rt_cmsis.o(i.osThreadCreate) refers to rt_cmsis.o(.data) for .data
    rt_cmsis.o(i.osThreadExit) refers to rt_cmsis.o(i.svcThreadGetId) for svcThreadGetId
    rt_cmsis.o(i.osThreadExit) refers to rt_cmsis.o(i.svcThreadTerminate) for svcThreadTerminate
    rt_cmsis.o(i.osThreadGetId) refers to rt_cmsis.o(i.svcThreadGetId) for svcThreadGetId
    rt_cmsis.o(i.osThreadGetPriority) refers to rt_cmsis.o(i.svcThreadGetPriority) for svcThreadGetPriority
    rt_cmsis.o(i.osThreadSetPriority) refers to rt_cmsis.o(i.svcThreadSetPriority) for svcThreadSetPriority
    rt_cmsis.o(i.osThreadTerminate) refers to rt_cmsis.o(i.svcThreadTerminate) for svcThreadTerminate
    rt_cmsis.o(i.osThreadYield) refers to rt_cmsis.o(i.svcThreadYield) for svcThreadYield
    rt_cmsis.o(i.osTimerCall) refers to rt_cmsis.o(i.svcTimerCall) for svcTimerCall
    rt_cmsis.o(i.osTimerCreate) refers to rt_cmsis.o(i.svcTimerCreate) for svcTimerCreate
    rt_cmsis.o(i.osTimerCreate) refers to rt_cmsis.o(.data) for .data
    rt_cmsis.o(i.osTimerDelete) refers to rt_cmsis.o(i.svcTimerDelete) for svcTimerDelete
    rt_cmsis.o(i.osTimerStart) refers to rt_cmsis.o(i.svcTimerStart) for svcTimerStart
    rt_cmsis.o(i.osTimerStop) refers to rt_cmsis.o(i.svcTimerStop) for svcTimerStop
    rt_cmsis.o(i.osTimerThread) refers to rt_cmsis.o(i.osMessageGet) for osMessageGet
    rt_cmsis.o(i.osTimerThread) refers to rt_cmsis.o(i.osTimerCall) for osTimerCall
    rt_cmsis.o(i.osTimerThread) refers to rtx_conf_cm.o(.data) for osMessageQId_osTimerMessageQ
    rt_cmsis.o(i.os_resume) refers to rt_system.o(i.rt_resume) for rt_resume
    rt_cmsis.o(i.os_suspend) refers to rt_system.o(i.rt_suspend) for rt_suspend
    rt_cmsis.o(i.rt_ms2tick) refers to uidiv.o(.text) for __aeabi_uidivmod
    rt_cmsis.o(i.rt_ms2tick) refers to rtx_conf_cm.o(.constdata) for os_clockrate
    rt_cmsis.o(i.rt_timer_insert) refers to rt_cmsis.o(.data) for .data
    rt_cmsis.o(i.rt_timer_remove) refers to rt_cmsis.o(.data) for .data
    rt_cmsis.o(i.svcDelay) refers to rt_cmsis.o(i.rt_ms2tick) for rt_ms2tick
    rt_cmsis.o(i.svcDelay) refers to rt_time.o(i.rt_dly_wait) for rt_dly_wait
    rt_cmsis.o(i.svcKernelInitialize) refers to rt_memory.o(i.rt_init_mem) for rt_init_mem
    rt_cmsis.o(i.svcKernelInitialize) refers to rt_task.o(i.rt_sys_init) for rt_sys_init
    rt_cmsis.o(i.svcKernelInitialize) refers to rt_cmsis.o(i.svcMessageCreate) for svcMessageCreate
    rt_cmsis.o(i.svcKernelInitialize) refers to rt_cmsis.o(i.svcThreadCreate) for svcThreadCreate
    rt_cmsis.o(i.svcKernelInitialize) refers to rt_cmsis.o(.data) for .data
    rt_cmsis.o(i.svcKernelInitialize) refers to rtx_conf_cm.o(.bss) for os_stack_mem
    rt_cmsis.o(i.svcKernelInitialize) refers to rtx_conf_cm.o(.constdata) for os_stack_sz
    rt_cmsis.o(i.svcKernelInitialize) refers to rt_task.o(.data) for os_tsk
    rt_cmsis.o(i.svcKernelInitialize) refers to rtx_conf_cm.o(.data) for osMessageQId_osTimerMessageQ
    rt_cmsis.o(i.svcKernelRunning) refers to rt_cmsis.o(.data) for .data
    rt_cmsis.o(i.svcKernelStart) refers to rt_task.o(i.rt_tsk_prio) for rt_tsk_prio
    rt_cmsis.o(i.svcKernelStart) refers to rt_task.o(i.rt_sys_start) for rt_sys_start
    rt_cmsis.o(i.svcKernelStart) refers to rt_cmsis.o(.data) for .data
    rt_cmsis.o(i.svcKernelStart) refers to rt_task.o(.data) for os_tsk
    rt_cmsis.o(i.svcKernelSysTick) refers to rt_system.o(i.os_tick_val) for os_tick_val
    rt_cmsis.o(i.svcKernelSysTick) refers to rt_system.o(i.os_tick_ovf) for os_tick_ovf
    rt_cmsis.o(i.svcKernelSysTick) refers to rtx_conf_cm.o(.constdata) for os_trv
    rt_cmsis.o(i.svcKernelSysTick) refers to rt_time.o(.data) for os_time
    rt_cmsis.o(i.svcMailCreate) refers to rt_membox.o(i._init_box) for _init_box
    rt_cmsis.o(i.svcMailCreate) refers to rt_mailbox.o(i.rt_mbx_init) for rt_mbx_init
    rt_cmsis.o(i.svcMessageCreate) refers to rt_mailbox.o(i.rt_mbx_init) for rt_mbx_init
    rt_cmsis.o(i.svcMessageGet) refers to rt_cmsis.o(i.rt_ms2tick) for rt_ms2tick
    rt_cmsis.o(i.svcMessageGet) refers to rt_mailbox.o(i.rt_mbx_wait) for rt_mbx_wait
    rt_cmsis.o(i.svcMessagePut) refers to rt_cmsis.o(i.rt_ms2tick) for rt_ms2tick
    rt_cmsis.o(i.svcMessagePut) refers to rt_mailbox.o(i.rt_mbx_send) for rt_mbx_send
    rt_cmsis.o(i.svcMutexCreate) refers to rt_mutex.o(i.rt_mut_init) for rt_mut_init
    rt_cmsis.o(i.svcMutexDelete) refers to rt_cmsis.o(i.rt_id2obj) for rt_id2obj
    rt_cmsis.o(i.svcMutexDelete) refers to rt_mutex.o(i.rt_mut_delete) for rt_mut_delete
    rt_cmsis.o(i.svcMutexRelease) refers to rt_cmsis.o(i.rt_id2obj) for rt_id2obj
    rt_cmsis.o(i.svcMutexRelease) refers to rt_mutex.o(i.rt_mut_release) for rt_mut_release
    rt_cmsis.o(i.svcMutexWait) refers to rt_cmsis.o(i.rt_id2obj) for rt_id2obj
    rt_cmsis.o(i.svcMutexWait) refers to rt_cmsis.o(i.rt_ms2tick) for rt_ms2tick
    rt_cmsis.o(i.svcMutexWait) refers to rt_mutex.o(i.rt_mut_wait) for rt_mut_wait
    rt_cmsis.o(i.svcPoolCreate) refers to rt_membox.o(i._init_box) for _init_box
    rt_cmsis.o(i.svcSemaphoreCreate) refers to rt_semaphore.o(i.rt_sem_init) for rt_sem_init
    rt_cmsis.o(i.svcSemaphoreDelete) refers to rt_cmsis.o(i.rt_id2obj) for rt_id2obj
    rt_cmsis.o(i.svcSemaphoreDelete) refers to rt_semaphore.o(i.rt_sem_delete) for rt_sem_delete
    rt_cmsis.o(i.svcSemaphoreRelease) refers to rt_cmsis.o(i.rt_id2obj) for rt_id2obj
    rt_cmsis.o(i.svcSemaphoreRelease) refers to rt_semaphore.o(i.rt_sem_send) for rt_sem_send
    rt_cmsis.o(i.svcSemaphoreWait) refers to rt_cmsis.o(i.rt_id2obj) for rt_id2obj
    rt_cmsis.o(i.svcSemaphoreWait) refers to rt_cmsis.o(i.rt_ms2tick) for rt_ms2tick
    rt_cmsis.o(i.svcSemaphoreWait) refers to rt_semaphore.o(i.rt_sem_wait) for rt_sem_wait
    rt_cmsis.o(i.svcSignalClear) refers to rt_cmsis.o(i.rt_tid2ptcb) for rt_tid2ptcb
    rt_cmsis.o(i.svcSignalClear) refers to rt_event.o(i.rt_evt_clr) for rt_evt_clr
    rt_cmsis.o(i.svcSignalSet) refers to rt_cmsis.o(i.rt_tid2ptcb) for rt_tid2ptcb
    rt_cmsis.o(i.svcSignalSet) refers to rt_event.o(i.rt_evt_set) for rt_evt_set
    rt_cmsis.o(i.svcSignalWait) refers to rt_cmsis.o(i.rt_ms2tick) for rt_ms2tick
    rt_cmsis.o(i.svcSignalWait) refers to rt_event.o(i.rt_evt_wait) for rt_evt_wait
    rt_cmsis.o(i.svcSignalWait) refers to rt_task.o(.data) for os_tsk
    rt_cmsis.o(i.svcThreadCreate) refers to rt_memory.o(i.rt_alloc_mem) for rt_alloc_mem
    rt_cmsis.o(i.svcThreadCreate) refers to rt_task.o(i.rt_tsk_create) for rt_tsk_create
    rt_cmsis.o(i.svcThreadCreate) refers to rt_memory.o(i.rt_free_mem) for rt_free_mem
    rt_cmsis.o(i.svcThreadCreate) refers to rtx_conf_cm.o(.bss) for os_stack_mem
    rt_cmsis.o(i.svcThreadCreate) refers to rt_cmsis.o(i.osThreadExit) for osThreadExit
    rt_cmsis.o(i.svcThreadGetId) refers to rt_task.o(i.rt_tsk_self) for rt_tsk_self
    rt_cmsis.o(i.svcThreadGetId) refers to rtx_conf_cm.o(.bss) for os_active_TCB
    rt_cmsis.o(i.svcThreadGetPriority) refers to rt_cmsis.o(i.rt_tid2ptcb) for rt_tid2ptcb
    rt_cmsis.o(i.svcThreadSetPriority) refers to rt_cmsis.o(i.rt_tid2ptcb) for rt_tid2ptcb
    rt_cmsis.o(i.svcThreadSetPriority) refers to rt_task.o(i.rt_tsk_prio) for rt_tsk_prio
    rt_cmsis.o(i.svcThreadTerminate) refers to rt_cmsis.o(i.rt_tid2ptcb) for rt_tid2ptcb
    rt_cmsis.o(i.svcThreadTerminate) refers to rt_task.o(i.rt_tsk_delete) for rt_tsk_delete
    rt_cmsis.o(i.svcThreadTerminate) refers to rt_memory.o(i.rt_free_mem) for rt_free_mem
    rt_cmsis.o(i.svcThreadTerminate) refers to rtx_conf_cm.o(.bss) for os_stack_mem
    rt_cmsis.o(i.svcThreadYield) refers to rt_task.o(i.rt_tsk_pass) for rt_tsk_pass
    rt_cmsis.o(i.svcTimerCall) refers to rt_cmsis.o(i.rt_id2obj) for rt_id2obj
    rt_cmsis.o(i.svcTimerCreate) refers to rtx_conf_cm.o(.data) for osThreadId_osTimerThread
    rt_cmsis.o(i.svcTimerDelete) refers to rt_cmsis.o(i.rt_id2obj) for rt_id2obj
    rt_cmsis.o(i.svcTimerDelete) refers to rt_cmsis.o(i.rt_timer_remove) for rt_timer_remove
    rt_cmsis.o(i.svcTimerStart) refers to rt_cmsis.o(i.rt_id2obj) for rt_id2obj
    rt_cmsis.o(i.svcTimerStart) refers to rt_cmsis.o(i.__ARM_common_ll_muluu) for __ARM_common_ll_muluu
    rt_cmsis.o(i.svcTimerStart) refers to uldiv.o(.text) for __aeabi_uldivmod
    rt_cmsis.o(i.svcTimerStart) refers to rt_cmsis.o(i.rt_timer_remove) for rt_timer_remove
    rt_cmsis.o(i.svcTimerStart) refers to rt_cmsis.o(i.rt_timer_insert) for rt_timer_insert
    rt_cmsis.o(i.svcTimerStart) refers to rtx_conf_cm.o(.constdata) for os_clockrate
    rt_cmsis.o(i.svcTimerStop) refers to rt_cmsis.o(i.rt_id2obj) for rt_id2obj
    rt_cmsis.o(i.svcTimerStop) refers to rt_cmsis.o(i.rt_timer_remove) for rt_timer_remove
    rt_cmsis.o(i.sysMailAlloc) refers to rt_membox.o(i.rt_alloc_box) for rt_alloc_box
    rt_cmsis.o(i.sysMailAlloc) refers to rt_list.o(i.rt_put_prio) for rt_put_prio
    rt_cmsis.o(i.sysMailAlloc) refers to rt_cmsis.o(i.rt_ms2tick) for rt_ms2tick
    rt_cmsis.o(i.sysMailAlloc) refers to rt_task.o(i.rt_block) for rt_block
    rt_cmsis.o(i.sysMailAlloc) refers to rt_task.o(.data) for os_tsk
    rt_cmsis.o(i.sysMailFree) refers to rt_membox.o(i.rt_free_box) for rt_free_box
    rt_cmsis.o(i.sysMailFree) refers to rt_list.o(i.rt_psq_enq) for rt_psq_enq
    rt_cmsis.o(i.sysMailFree) refers to rt_system.o(i.rt_psh_req) for rt_psh_req
    rt_cmsis.o(i.sysMailFree) refers to rt_membox.o(i.rt_alloc_box) for rt_alloc_box
    rt_cmsis.o(i.sysMailFree) refers to rt_list.o(i.rt_get_first) for rt_get_first
    rt_cmsis.o(i.sysMailFree) refers to hal_cm.o(i.rt_ret_val) for rt_ret_val
    rt_cmsis.o(i.sysMailFree) refers to rt_list.o(i.rt_rmv_dly) for rt_rmv_dly
    rt_cmsis.o(i.sysMailFree) refers to rt_task.o(i.rt_dispatch) for rt_dispatch
    rt_cmsis.o(i.sysPoolAlloc) refers to rt_membox.o(i.rt_alloc_box) for rt_alloc_box
    rt_cmsis.o(i.sysPoolFree) refers to rt_membox.o(i.rt_free_box) for rt_free_box
    rt_cmsis.o(i.sysTimerTick) refers to rt_cmsis.o(i.isrMessagePut) for isrMessagePut
    rt_cmsis.o(i.sysTimerTick) refers to rtx_conf_cm.o(.text) for os_error
    rt_cmsis.o(i.sysTimerTick) refers to rt_cmsis.o(i.rt_timer_insert) for rt_timer_insert
    rt_cmsis.o(i.sysTimerTick) refers to rt_cmsis.o(.data) for .data
    rt_cmsis.o(i.sysTimerTick) refers to rtx_conf_cm.o(.data) for osMessageQId_osTimerMessageQ
    rt_cmsis.o(i.sysUserTimerUpdate) refers to rt_cmsis.o(i.sysTimerTick) for sysTimerTick
    rt_cmsis.o(i.sysUserTimerUpdate) refers to rt_cmsis.o(.data) for .data
    rt_cmsis.o(i.sysUserTimerWakeupTime) refers to rt_cmsis.o(.data) for .data
    rt_task.o(i.rt_block) refers to rt_list.o(i.rt_put_dly) for rt_put_dly
    rt_task.o(i.rt_block) refers to rt_list.o(i.rt_get_first) for rt_get_first
    rt_task.o(i.rt_block) refers to rt_task.o(i.rt_switch_req) for rt_switch_req
    rt_task.o(i.rt_block) refers to rt_task.o(.data) for .data
    rt_task.o(i.rt_block) refers to rt_list.o(.bss) for os_rdy
    rt_task.o(i.rt_dispatch) refers to rt_list.o(i.rt_put_rdy_first) for rt_put_rdy_first
    rt_task.o(i.rt_dispatch) refers to rt_task.o(i.rt_switch_req) for rt_switch_req
    rt_task.o(i.rt_dispatch) refers to rt_list.o(i.rt_get_first) for rt_get_first
    rt_task.o(i.rt_dispatch) refers to rt_list.o(i.rt_put_prio) for rt_put_prio
    rt_task.o(i.rt_dispatch) refers to rt_task.o(.data) for .data
    rt_task.o(i.rt_dispatch) refers to rt_list.o(.bss) for os_rdy
    rt_task.o(i.rt_init_context) refers to rt_membox.o(i.rt_alloc_box) for rt_alloc_box
    rt_task.o(i.rt_init_context) refers to hal_cm.o(i.rt_init_stack) for rt_init_stack
    rt_task.o(i.rt_init_context) refers to rtx_conf_cm.o(.bss) for mp_stk
    rt_task.o(i.rt_switch_req) refers to rt_task.o(.data) for .data
    rt_task.o(i.rt_sys_init) refers to rt_membox.o(i._init_box) for _init_box
    rt_task.o(i.rt_sys_init) refers to rt_task.o(i.rt_init_context) for rt_init_context
    rt_task.o(i.rt_sys_init) refers to rt_robin.o(i.rt_init_robin) for rt_init_robin
    rt_task.o(i.rt_sys_init) refers to rtx_conf_cm.o(.bss) for os_active_TCB
    rt_task.o(i.rt_sys_init) refers to rtx_conf_cm.o(.constdata) for os_maxtaskrun
    rt_task.o(i.rt_sys_init) refers to rtx_conf_cm.o(.data) for m_tmr
    rt_task.o(i.rt_sys_init) refers to rt_task.o(.bss) for .bss
    rt_task.o(i.rt_sys_init) refers to rtx_conf_cm.o(.text) for os_idle_demon
    rt_task.o(i.rt_sys_init) refers to rt_list.o(.bss) for os_rdy
    rt_task.o(i.rt_sys_init) refers to rt_task.o(.data) for .data
    rt_task.o(i.rt_sys_start) refers to rt_system.o(i.os_tick_init) for os_tick_init
    rt_task.o(i.rt_sys_start) refers to rt_system.o(.data) for os_tick_irqn
    rt_task.o(i.rt_tsk_create) refers to rt_membox.o(i.rt_alloc_box) for rt_alloc_box
    rt_task.o(i.rt_tsk_create) refers to rt_task.o(i.rt_init_context) for rt_init_context
    rt_task.o(i.rt_tsk_create) refers to rt_task.o(i.rt_dispatch) for rt_dispatch
    rt_task.o(i.rt_tsk_create) refers to rtx_conf_cm.o(.bss) for mp_tcb
    rt_task.o(i.rt_tsk_create) refers to rtx_conf_cm.o(.constdata) for os_maxtaskrun
    rt_task.o(i.rt_tsk_delete) refers to hal_cm0.o(.emb_text) for rt_get_PSP
    rt_task.o(i.rt_tsk_delete) refers to rt_system.o(i.rt_stk_check) for rt_stk_check
    rt_task.o(i.rt_tsk_delete) refers to rt_list.o(i.rt_get_first) for rt_get_first
    rt_task.o(i.rt_tsk_delete) refers to hal_cm.o(i.rt_ret_val) for rt_ret_val
    rt_task.o(i.rt_tsk_delete) refers to rt_list.o(i.rt_rmv_dly) for rt_rmv_dly
    rt_task.o(i.rt_tsk_delete) refers to rt_list.o(i.rt_put_prio) for rt_put_prio
    rt_task.o(i.rt_tsk_delete) refers to rt_membox.o(i.rt_free_box) for rt_free_box
    rt_task.o(i.rt_tsk_delete) refers to rt_list.o(i.rt_rmv_list) for rt_rmv_list
    rt_task.o(i.rt_tsk_delete) refers to rt_task.o(i.rt_dispatch) for rt_dispatch
    rt_task.o(i.rt_tsk_delete) refers to rt_task.o(.data) for .data
    rt_task.o(i.rt_tsk_delete) refers to rt_list.o(.bss) for os_rdy
    rt_task.o(i.rt_tsk_delete) refers to rtx_conf_cm.o(.bss) for os_active_TCB
    rt_task.o(i.rt_tsk_delete) refers to rtx_conf_cm.o(.constdata) for os_maxtaskrun
    rt_task.o(i.rt_tsk_pass) refers to rt_list.o(i.rt_get_same_rdy_prio) for rt_get_same_rdy_prio
    rt_task.o(i.rt_tsk_pass) refers to rt_list.o(i.rt_put_prio) for rt_put_prio
    rt_task.o(i.rt_tsk_pass) refers to rt_task.o(i.rt_switch_req) for rt_switch_req
    rt_task.o(i.rt_tsk_pass) refers to rt_task.o(.data) for .data
    rt_task.o(i.rt_tsk_pass) refers to rt_list.o(.bss) for os_rdy
    rt_task.o(i.rt_tsk_prio) refers to rt_list.o(i.rt_put_prio) for rt_put_prio
    rt_task.o(i.rt_tsk_prio) refers to rt_list.o(i.rt_resort_prio) for rt_resort_prio
    rt_task.o(i.rt_tsk_prio) refers to rt_list.o(i.rt_get_first) for rt_get_first
    rt_task.o(i.rt_tsk_prio) refers to rt_task.o(i.rt_dispatch) for rt_dispatch
    rt_task.o(i.rt_tsk_prio) refers to rt_task.o(.data) for .data
    rt_task.o(i.rt_tsk_prio) refers to rtx_conf_cm.o(.constdata) for os_maxtaskrun
    rt_task.o(i.rt_tsk_prio) refers to rtx_conf_cm.o(.bss) for os_active_TCB
    rt_task.o(i.rt_tsk_prio) refers to rt_list.o(.bss) for os_rdy
    rt_task.o(i.rt_tsk_self) refers to rt_task.o(.data) for .data
    rt_system.o(i.os_tick_init) refers to rtx_conf_cm.o(.constdata) for os_trv
    rt_system.o(i.os_tick_val) refers to rtx_conf_cm.o(.constdata) for os_trv
    rt_system.o(i.rt_pop_req) refers to rt_list.o(i.rt_put_rdy_first) for rt_put_rdy_first
    rt_system.o(i.rt_pop_req) refers to rt_semaphore.o(i.rt_sem_psh) for rt_sem_psh
    rt_system.o(i.rt_pop_req) refers to rt_list.o(i.rt_get_first) for rt_get_first
    rt_system.o(i.rt_pop_req) refers to rt_task.o(i.rt_switch_req) for rt_switch_req
    rt_system.o(i.rt_pop_req) refers to rt_event.o(i.rt_evt_psh) for rt_evt_psh
    rt_system.o(i.rt_pop_req) refers to rt_mailbox.o(i.rt_mbx_psh) for rt_mbx_psh
    rt_system.o(i.rt_pop_req) refers to rt_task.o(.data) for os_tsk
    rt_system.o(i.rt_pop_req) refers to rtx_conf_cm.o(.bss) for os_fifo
    rt_system.o(i.rt_pop_req) refers to rt_list.o(.bss) for os_rdy
    rt_system.o(i.rt_psh_req) refers to rt_system.o(.data) for .data
    rt_system.o(i.rt_resume) refers to rt_list.o(i.rt_put_rdy_first) for rt_put_rdy_first
    rt_system.o(i.rt_resume) refers to rt_list.o(i.rt_dec_dly) for rt_dec_dly
    rt_system.o(i.rt_resume) refers to rt_cmsis.o(i.sysUserTimerUpdate) for sysUserTimerUpdate
    rt_system.o(i.rt_resume) refers to rt_list.o(i.rt_get_first) for rt_get_first
    rt_system.o(i.rt_resume) refers to rt_task.o(i.rt_switch_req) for rt_switch_req
    rt_system.o(i.rt_resume) refers to rt_system.o(i.rt_tsk_unlock) for rt_tsk_unlock
    rt_system.o(i.rt_resume) refers to rt_task.o(.data) for os_tsk
    rt_system.o(i.rt_resume) refers to rt_robin.o(.data) for os_robin
    rt_system.o(i.rt_resume) refers to rt_list.o(.bss) for os_dly
    rt_system.o(i.rt_resume) refers to rt_time.o(.data) for os_time
    rt_system.o(i.rt_stk_check) refers to rtx_conf_cm.o(.text) for os_error
    rt_system.o(i.rt_stk_check) refers to rt_task.o(.data) for os_tsk
    rt_system.o(i.rt_suspend) refers to rt_system.o(i.rt_tsk_lock) for rt_tsk_lock
    rt_system.o(i.rt_suspend) refers to rt_cmsis.o(i.sysUserTimerWakeupTime) for sysUserTimerWakeupTime
    rt_system.o(i.rt_suspend) refers to rt_list.o(.bss) for os_dly
    rt_system.o(i.rt_systick) refers to rt_list.o(i.rt_put_rdy_first) for rt_put_rdy_first
    rt_system.o(i.rt_systick) refers to rt_robin.o(i.rt_chk_robin) for rt_chk_robin
    rt_system.o(i.rt_systick) refers to rt_list.o(i.rt_dec_dly) for rt_dec_dly
    rt_system.o(i.rt_systick) refers to rt_cmsis.o(i.sysTimerTick) for sysTimerTick
    rt_system.o(i.rt_systick) refers to rt_list.o(i.rt_get_first) for rt_get_first
    rt_system.o(i.rt_systick) refers to rt_task.o(i.rt_switch_req) for rt_switch_req
    rt_system.o(i.rt_systick) refers to rt_task.o(.data) for os_tsk
    rt_system.o(i.rt_systick) refers to rt_time.o(.data) for os_time
    rt_system.o(i.rt_systick) refers to rt_list.o(.bss) for os_rdy
    rt_system.o(i.rt_tsk_lock) refers to rt_system.o(.data) for .data
    rt_system.o(i.rt_tsk_unlock) refers to rt_system.o(.data) for .data
    rt_event.o(i.isr_evt_set) refers to rt_list.o(i.rt_psq_enq) for rt_psq_enq
    rt_event.o(i.isr_evt_set) refers to rt_system.o(i.rt_psh_req) for rt_psh_req
    rt_event.o(i.isr_evt_set) refers to rtx_conf_cm.o(.bss) for os_active_TCB
    rt_event.o(i.rt_evt_clr) refers to rtx_conf_cm.o(.bss) for os_active_TCB
    rt_event.o(i.rt_evt_get) refers to rt_task.o(.data) for os_tsk
    rt_event.o(i.rt_evt_psh) refers to rt_list.o(i.rt_rmv_dly) for rt_rmv_dly
    rt_event.o(i.rt_evt_psh) refers to hal_cm.o(i.rt_ret_val2) for rt_ret_val2
    rt_event.o(i.rt_evt_psh) refers to rt_list.o(i.rt_put_prio) for rt_put_prio
    rt_event.o(i.rt_evt_psh) refers to rt_list.o(.bss) for os_rdy
    rt_event.o(i.rt_evt_set) refers to rt_list.o(i.rt_rmv_dly) for rt_rmv_dly
    rt_event.o(i.rt_evt_set) refers to hal_cm.o(i.rt_ret_val2) for rt_ret_val2
    rt_event.o(i.rt_evt_set) refers to rt_task.o(i.rt_dispatch) for rt_dispatch
    rt_event.o(i.rt_evt_set) refers to rtx_conf_cm.o(.bss) for os_active_TCB
    rt_event.o(i.rt_evt_wait) refers to rt_task.o(i.rt_block) for rt_block
    rt_event.o(i.rt_evt_wait) refers to rt_task.o(.data) for os_tsk
    rt_list.o(i.rt_dec_dly) refers to rt_list.o(i.rt_put_prio) for rt_put_prio
    rt_list.o(i.rt_dec_dly) refers to rt_list.o(.bss) for .bss
    rt_list.o(i.rt_dec_dly) refers to rt_time.o(.data) for os_time
    rt_list.o(i.rt_get_same_rdy_prio) refers to rt_list.o(.bss) for .bss
    rt_list.o(i.rt_get_same_rdy_prio) refers to rt_task.o(.data) for os_tsk
    rt_list.o(i.rt_psq_enq) refers to rtx_conf_cm.o(.text) for os_error
    rt_list.o(i.rt_psq_enq) refers to rtx_conf_cm.o(.bss) for os_fifo
    rt_list.o(i.rt_put_dly) refers to rt_list.o(.bss) for .bss
    rt_list.o(i.rt_put_rdy_first) refers to rt_list.o(.bss) for .bss
    rt_list.o(i.rt_resort_prio) refers to rt_list.o(i.rt_rmv_list) for rt_rmv_list
    rt_list.o(i.rt_resort_prio) refers to rt_list.o(i.rt_put_prio) for rt_put_prio
    rt_list.o(i.rt_resort_prio) refers to rt_list.o(.bss) for .bss
    rt_list.o(i.rt_rmv_list) refers to rt_list.o(.bss) for .bss
    rt_mailbox.o(i.isr_mbx_receive) refers to rt_list.o(i.rt_psq_enq) for rt_psq_enq
    rt_mailbox.o(i.isr_mbx_receive) refers to rt_system.o(i.rt_psh_req) for rt_psh_req
    rt_mailbox.o(i.isr_mbx_send) refers to rt_list.o(i.rt_psq_enq) for rt_psq_enq
    rt_mailbox.o(i.isr_mbx_send) refers to rt_system.o(i.rt_psh_req) for rt_psh_req
    rt_mailbox.o(i.rt_mbx_psh) refers to rt_membox.o(i.rt_alloc_box) for rt_alloc_box
    rt_mailbox.o(i.rt_mbx_psh) refers to rt_list.o(i.rt_get_first) for rt_get_first
    rt_mailbox.o(i.rt_mbx_psh) refers to hal_cm.o(i.rt_ret_val) for rt_ret_val
    rt_mailbox.o(i.rt_mbx_psh) refers to rt_list.o(i.rt_rmv_dly) for rt_rmv_dly
    rt_mailbox.o(i.rt_mbx_psh) refers to rt_list.o(i.rt_put_prio) for rt_put_prio
    rt_mailbox.o(i.rt_mbx_psh) refers to hal_cm.o(i.rt_ret_val2) for rt_ret_val2
    rt_mailbox.o(i.rt_mbx_psh) refers to rtx_conf_cm.o(.text) for os_error
    rt_mailbox.o(i.rt_mbx_psh) refers to rt_list.o(.bss) for os_rdy
    rt_mailbox.o(i.rt_mbx_send) refers to rt_list.o(i.rt_put_prio) for rt_put_prio
    rt_mailbox.o(i.rt_mbx_send) refers to rt_list.o(i.rt_get_first) for rt_get_first
    rt_mailbox.o(i.rt_mbx_send) refers to hal_cm.o(i.rt_ret_val2) for rt_ret_val2
    rt_mailbox.o(i.rt_mbx_send) refers to rt_list.o(i.rt_rmv_dly) for rt_rmv_dly
    rt_mailbox.o(i.rt_mbx_send) refers to rt_task.o(i.rt_dispatch) for rt_dispatch
    rt_mailbox.o(i.rt_mbx_send) refers to rt_task.o(i.rt_block) for rt_block
    rt_mailbox.o(i.rt_mbx_send) refers to rt_task.o(.data) for os_tsk
    rt_mailbox.o(i.rt_mbx_wait) refers to rt_list.o(i.rt_get_first) for rt_get_first
    rt_mailbox.o(i.rt_mbx_wait) refers to hal_cm.o(i.rt_ret_val) for rt_ret_val
    rt_mailbox.o(i.rt_mbx_wait) refers to rt_list.o(i.rt_rmv_dly) for rt_rmv_dly
    rt_mailbox.o(i.rt_mbx_wait) refers to rt_task.o(i.rt_dispatch) for rt_dispatch
    rt_mailbox.o(i.rt_mbx_wait) refers to rt_list.o(i.rt_put_prio) for rt_put_prio
    rt_mailbox.o(i.rt_mbx_wait) refers to rt_task.o(i.rt_block) for rt_block
    rt_mailbox.o(i.rt_mbx_wait) refers to rt_task.o(.data) for os_tsk
    rt_semaphore.o(i.isr_sem_send) refers to rt_list.o(i.rt_psq_enq) for rt_psq_enq
    rt_semaphore.o(i.isr_sem_send) refers to rt_system.o(i.rt_psh_req) for rt_psh_req
    rt_semaphore.o(i.rt_sem_delete) refers to rt_list.o(i.rt_get_first) for rt_get_first
    rt_semaphore.o(i.rt_sem_delete) refers to hal_cm.o(i.rt_ret_val) for rt_ret_val
    rt_semaphore.o(i.rt_sem_delete) refers to rt_list.o(i.rt_rmv_dly) for rt_rmv_dly
    rt_semaphore.o(i.rt_sem_delete) refers to rt_list.o(i.rt_put_prio) for rt_put_prio
    rt_semaphore.o(i.rt_sem_delete) refers to rt_task.o(i.rt_dispatch) for rt_dispatch
    rt_semaphore.o(i.rt_sem_delete) refers to rt_list.o(.bss) for os_rdy
    rt_semaphore.o(i.rt_sem_delete) refers to rt_task.o(.data) for os_tsk
    rt_semaphore.o(i.rt_sem_psh) refers to rt_list.o(i.rt_get_first) for rt_get_first
    rt_semaphore.o(i.rt_sem_psh) refers to rt_list.o(i.rt_rmv_dly) for rt_rmv_dly
    rt_semaphore.o(i.rt_sem_psh) refers to hal_cm.o(i.rt_ret_val) for rt_ret_val
    rt_semaphore.o(i.rt_sem_psh) refers to rt_list.o(i.rt_put_prio) for rt_put_prio
    rt_semaphore.o(i.rt_sem_psh) refers to rt_list.o(.bss) for os_rdy
    rt_semaphore.o(i.rt_sem_send) refers to rt_list.o(i.rt_get_first) for rt_get_first
    rt_semaphore.o(i.rt_sem_send) refers to hal_cm.o(i.rt_ret_val) for rt_ret_val
    rt_semaphore.o(i.rt_sem_send) refers to rt_list.o(i.rt_rmv_dly) for rt_rmv_dly
    rt_semaphore.o(i.rt_sem_send) refers to rt_task.o(i.rt_dispatch) for rt_dispatch
    rt_semaphore.o(i.rt_sem_wait) refers to rt_list.o(i.rt_put_prio) for rt_put_prio
    rt_semaphore.o(i.rt_sem_wait) refers to rt_task.o(i.rt_block) for rt_block
    rt_semaphore.o(i.rt_sem_wait) refers to rt_task.o(.data) for os_tsk
    rt_time.o(i.rt_dly_wait) refers to rt_task.o(i.rt_block) for rt_block
    rt_time.o(i.rt_itv_set) refers to rt_task.o(.data) for os_tsk
    rt_time.o(i.rt_itv_set) refers to rt_time.o(.data) for .data
    rt_time.o(i.rt_itv_wait) refers to rt_task.o(i.rt_block) for rt_block
    rt_time.o(i.rt_itv_wait) refers to rt_task.o(.data) for os_tsk
    rt_time.o(i.rt_itv_wait) refers to rt_time.o(.data) for .data
    rt_time.o(i.rt_time_get) refers to rt_time.o(.data) for .data
    rt_mutex.o(i.rt_mut_delete) refers to rt_list.o(i.rt_resort_prio) for rt_resort_prio
    rt_mutex.o(i.rt_mut_delete) refers to rt_list.o(i.rt_get_first) for rt_get_first
    rt_mutex.o(i.rt_mut_delete) refers to hal_cm.o(i.rt_ret_val) for rt_ret_val
    rt_mutex.o(i.rt_mut_delete) refers to rt_list.o(i.rt_rmv_dly) for rt_rmv_dly
    rt_mutex.o(i.rt_mut_delete) refers to rt_list.o(i.rt_put_prio) for rt_put_prio
    rt_mutex.o(i.rt_mut_delete) refers to rt_task.o(i.rt_dispatch) for rt_dispatch
    rt_mutex.o(i.rt_mut_delete) refers to rt_task.o(.data) for os_tsk
    rt_mutex.o(i.rt_mut_delete) refers to rt_list.o(.bss) for os_rdy
    rt_mutex.o(i.rt_mut_release) refers to rt_list.o(i.rt_get_first) for rt_get_first
    rt_mutex.o(i.rt_mut_release) refers to hal_cm.o(i.rt_ret_val) for rt_ret_val
    rt_mutex.o(i.rt_mut_release) refers to rt_list.o(i.rt_rmv_dly) for rt_rmv_dly
    rt_mutex.o(i.rt_mut_release) refers to rt_list.o(i.rt_put_prio) for rt_put_prio
    rt_mutex.o(i.rt_mut_release) refers to rt_task.o(i.rt_dispatch) for rt_dispatch
    rt_mutex.o(i.rt_mut_release) refers to rt_task.o(.data) for os_tsk
    rt_mutex.o(i.rt_mut_release) refers to rt_list.o(.bss) for os_rdy
    rt_mutex.o(i.rt_mut_wait) refers to rt_list.o(i.rt_resort_prio) for rt_resort_prio
    rt_mutex.o(i.rt_mut_wait) refers to rt_list.o(i.rt_put_prio) for rt_put_prio
    rt_mutex.o(i.rt_mut_wait) refers to rt_task.o(i.rt_block) for rt_block
    rt_mutex.o(i.rt_mut_wait) refers to rt_task.o(.data) for os_tsk
    rt_membox.o(i._calloc_box) refers to hal_cm0.o(.emb_text) for _alloc_box
    hal_cm.o(i.rt_init_stack) refers to rtx_conf_cm.o(.constdata) for os_stackinfo
    rt_robin.o(i.rt_chk_robin) refers to rt_list.o(i.rt_get_first) for rt_get_first
    rt_robin.o(i.rt_chk_robin) refers to rt_list.o(i.rt_put_prio) for rt_put_prio
    rt_robin.o(i.rt_chk_robin) refers to rt_robin.o(.data) for .data
    rt_robin.o(i.rt_chk_robin) refers to rt_list.o(.bss) for os_rdy
    rt_robin.o(i.rt_chk_robin) refers to rt_time.o(.data) for os_time
    rt_robin.o(i.rt_init_robin) refers to rt_robin.o(.data) for .data
    rt_robin.o(i.rt_init_robin) refers to rtx_conf_cm.o(.constdata) for os_rrobin
    hal_cm0.o(.emb_text) refers to rtx_conf_cm.o(.constdata) for os_flags
    hal_cm0.o(.emb_text) refers to rt_membox.o(i.rt_alloc_box) for rt_alloc_box
    hal_cm0.o(.emb_text) refers to rt_membox.o(i.rt_free_box) for rt_free_box
    hal_cm0.o(.emb_text) refers to rt_system.o(i.rt_stk_check) for rt_stk_check
    hal_cm0.o(.emb_text) refers to rt_task.o(.data) for os_tsk
    hal_cm0.o(.emb_text) refers to svc_table.o(SVC_TABLE) for SVC_Count
    hal_cm0.o(.emb_text) refers to rt_system.o(i.rt_pop_req) for rt_pop_req
    hal_cm0.o(.emb_text) refers to rt_system.o(i.rt_systick) for rt_systick
    hal_cm0.o(.emb_text) refers to rt_system.o(i.os_tick_irqack) for os_tick_irqack
    entry.o(.ARM.Collect$$$$00000000) refers (Special) to entry10a.o(.ARM.Collect$$$$0000000D) for __rt_final_cpp
    entry.o(.ARM.Collect$$$$00000000) refers (Special) to entry11a.o(.ARM.Collect$$$$0000000F) for __rt_final_exit
    entry.o(.ARM.Collect$$$$00000000) refers (Special) to entry7b.o(.ARM.Collect$$$$00000008) for _main_clock
    entry.o(.ARM.Collect$$$$00000000) refers (Special) to entry8b.o(.ARM.Collect$$$$0000000A) for _main_cpp_init
    entry.o(.ARM.Collect$$$$00000000) refers (Special) to rtx_conf_cm.o(.ARM.Collect$$$$000000FF) for _main_init
    entry.o(.ARM.Collect$$$$00000000) refers (Special) to entry5.o(.ARM.Collect$$$$00000004) for _main_scatterload
    entry.o(.ARM.Collect$$$$00000000) refers (Special) to entry2.o(.ARM.Collect$$$$00000001) for _main_stk
    uldiv.o(.text) refers to llushr.o(.text) for __aeabi_llsr
    uldiv.o(.text) refers to llshl.o(.text) for __aeabi_llsl
    entry2.o(.ARM.Collect$$$$00000001) refers to entry2.o(.ARM.Collect$$$$00002712) for __lit__00000000
    entry2.o(.ARM.Collect$$$$00002712) refers to startup_stm32f072xb.o(STACK) for __initial_sp
    entry2.o(__vectab_stack_and_reset_area) refers to startup_stm32f072xb.o(STACK) for __initial_sp
    entry2.o(__vectab_stack_and_reset_area) refers to entry.o(.ARM.Collect$$$$00000000) for __main
    entry5.o(.ARM.Collect$$$$00000004) refers to init.o(.text) for __scatterload
    init.o(.text) refers to entry5.o(.ARM.Collect$$$$00000004) for __main_after_scatterload


==============================================================================

Removing Unused input sections from the image.

    Removing rtx_blinky.o(.rev16_text), (4 bytes).
    Removing rtx_blinky.o(.revsh_text), (4 bytes).
    Removing dac_drv.o(.rev16_text), (4 bytes).
    Removing dac_drv.o(.revsh_text), (4 bytes).
    Removing buttons_stm32f072-discovery.o(.rev16_text), (4 bytes).
    Removing buttons_stm32f072-discovery.o(.revsh_text), (4 bytes).
    Removing led_stm32f072-discovery.o(.rev16_text), (4 bytes).
    Removing led_stm32f072-discovery.o(.revsh_text), (4 bytes).
    Removing startup_stm32f072xb.o(HEAP), (512 bytes).
    Removing system_stm32f0xx.o(.rev16_text), (4 bytes).
    Removing system_stm32f0xx.o(.revsh_text), (4 bytes).
    Removing rt_cmsis.o(.rev16_text), (4 bytes).
    Removing rt_cmsis.o(.revsh_text), (4 bytes).
    Removing rt_cmsis.o(i.isrSemaphoreRelease), (44 bytes).
    Removing rt_cmsis.o(i.isrSignalSet), (38 bytes).
    Removing rt_cmsis.o(i.osDelay), (28 bytes).
    Removing rt_cmsis.o(i.osKernelRunning), (40 bytes).
    Removing rt_cmsis.o(i.osKernelSysTick), (28 bytes).
    Removing rt_cmsis.o(i.osMailAlloc), (32 bytes).
    Removing rt_cmsis.o(i.osMailCAlloc), (52 bytes).
    Removing rt_cmsis.o(i.osMailCreate), (52 bytes).
    Removing rt_cmsis.o(i.osMailFree), (32 bytes).
    Removing rt_cmsis.o(i.osMailGet), (24 bytes).
    Removing rt_cmsis.o(i.osMailPut), (28 bytes).
    Removing rt_cmsis.o(i.osMessageCreate), (52 bytes).
    Removing rt_cmsis.o(i.osMessagePut), (28 bytes).
    Removing rt_cmsis.o(i.osMutexCreate), (52 bytes).
    Removing rt_cmsis.o(i.osMutexDelete), (28 bytes).
    Removing rt_cmsis.o(i.osMutexRelease), (28 bytes).
    Removing rt_cmsis.o(i.osMutexWait), (28 bytes).
    Removing rt_cmsis.o(i.osPoolAlloc), (36 bytes).
    Removing rt_cmsis.o(i.osPoolCAlloc), (56 bytes).
    Removing rt_cmsis.o(i.osPoolCreate), (52 bytes).
    Removing rt_cmsis.o(i.osPoolFree), (36 bytes).
    Removing rt_cmsis.o(i.osSemaphoreCreate), (52 bytes).
    Removing rt_cmsis.o(i.osSemaphoreDelete), (28 bytes).
    Removing rt_cmsis.o(i.osSemaphoreRelease), (28 bytes).
    Removing rt_cmsis.o(i.osSemaphoreWait), (28 bytes).
    Removing rt_cmsis.o(i.osSignalClear), (28 bytes).
    Removing rt_cmsis.o(i.osSignalSet), (28 bytes).
    Removing rt_cmsis.o(i.osThreadGetId), (28 bytes).
    Removing rt_cmsis.o(i.osThreadGetPriority), (28 bytes).
    Removing rt_cmsis.o(i.osThreadSetPriority), (28 bytes).
    Removing rt_cmsis.o(i.osThreadTerminate), (28 bytes).
    Removing rt_cmsis.o(i.osThreadYield), (28 bytes).
    Removing rt_cmsis.o(i.osTimerCreate), (52 bytes).
    Removing rt_cmsis.o(i.osTimerDelete), (28 bytes).
    Removing rt_cmsis.o(i.osTimerStart), (28 bytes).
    Removing rt_cmsis.o(i.osTimerStop), (28 bytes).
    Removing rt_cmsis.o(i.osWait), (4 bytes).
    Removing rt_cmsis.o(i.os_resume), (16 bytes).
    Removing rt_cmsis.o(i.os_suspend), (16 bytes).
    Removing rt_cmsis.o(i.rt_clr_box), (26 bytes).
    Removing rt_cmsis.o(i.rt_timer_remove), (68 bytes).
    Removing rt_cmsis.o(i.svcDelay), (18 bytes).
    Removing rt_cmsis.o(i.svcKernelRunning), (12 bytes).
    Removing rt_cmsis.o(i.svcKernelSysTick), (56 bytes).
    Removing rt_cmsis.o(i.svcMailCreate), (78 bytes).
    Removing rt_cmsis.o(i.svcMessagePut), (56 bytes).
    Removing rt_cmsis.o(i.svcMutexCreate), (32 bytes).
    Removing rt_cmsis.o(i.svcMutexDelete), (28 bytes).
    Removing rt_cmsis.o(i.svcMutexRelease), (36 bytes).
    Removing rt_cmsis.o(i.svcMutexWait), (56 bytes).
    Removing rt_cmsis.o(i.svcPoolCreate), (46 bytes).
    Removing rt_cmsis.o(i.svcSemaphoreCreate), (44 bytes).
    Removing rt_cmsis.o(i.svcSemaphoreDelete), (28 bytes).
    Removing rt_cmsis.o(i.svcSemaphoreRelease), (44 bytes).
    Removing rt_cmsis.o(i.svcSemaphoreWait), (52 bytes).
    Removing rt_cmsis.o(i.svcSignalClear), (38 bytes).
    Removing rt_cmsis.o(i.svcSignalSet), (38 bytes).
    Removing rt_cmsis.o(i.svcThreadGetPriority), (20 bytes).
    Removing rt_cmsis.o(i.svcThreadSetPriority), (48 bytes).
    Removing rt_cmsis.o(i.svcThreadYield), (10 bytes).
    Removing rt_cmsis.o(i.svcTimerCreate), (64 bytes).
    Removing rt_cmsis.o(i.svcTimerDelete), (40 bytes).
    Removing rt_cmsis.o(i.svcTimerStart), (108 bytes).
    Removing rt_cmsis.o(i.svcTimerStop), (38 bytes).
    Removing rt_cmsis.o(i.sysMailAlloc), (100 bytes).
    Removing rt_cmsis.o(i.sysMailFree), (106 bytes).
    Removing rt_cmsis.o(i.sysPoolAlloc), (12 bytes).
    Removing rt_cmsis.o(i.sysPoolFree), (22 bytes).
    Removing rt_cmsis.o(i.sysUserTimerUpdate), (48 bytes).
    Removing rt_cmsis.o(i.sysUserTimerWakeupTime), (24 bytes).
    Removing rt_task.o(i.rt_tsk_pass), (44 bytes).
    Removing rt_system.o(.emb_text), (0 bytes).
    Removing rt_system.o(i.os_tick_ovf), (16 bytes).
    Removing rt_system.o(i.os_tick_val), (20 bytes).
    Removing rt_system.o(i.rt_resume), (136 bytes).
    Removing rt_system.o(i.rt_suspend), (40 bytes).
    Removing rt_system.o(i.rt_tsk_lock), (84 bytes).
    Removing rt_system.o(i.rt_tsk_unlock), (84 bytes).
    Removing rt_event.o(i.isr_evt_set), (36 bytes).
    Removing rt_event.o(i.rt_evt_clr), (28 bytes).
    Removing rt_event.o(i.rt_evt_get), (12 bytes).
    Removing rt_event.o(i.rt_evt_set), (92 bytes).
    Removing rt_list.o(i.rt_get_same_rdy_prio), (36 bytes).
    Removing rt_mailbox.o(i.rt_mbx_send), (148 bytes).
    Removing rt_semaphore.o(i.isr_sem_send), (14 bytes).
    Removing rt_semaphore.o(i.rt_sem_delete), (96 bytes).
    Removing rt_semaphore.o(i.rt_sem_init), (12 bytes).
    Removing rt_semaphore.o(i.rt_sem_send), (44 bytes).
    Removing rt_semaphore.o(i.rt_sem_wait), (68 bytes).
    Removing rt_time.o(i.rt_dly_wait), (10 bytes).
    Removing rt_time.o(i.rt_itv_set), (24 bytes).
    Removing rt_time.o(i.rt_itv_wait), (44 bytes).
    Removing rt_time.o(i.rt_time_get), (12 bytes).
    Removing rt_mutex.o(i.rt_mut_delete), (180 bytes).
    Removing rt_mutex.o(i.rt_mut_init), (16 bytes).
    Removing rt_mutex.o(i.rt_mut_release), (216 bytes).
    Removing rt_mutex.o(i.rt_mut_wait), (112 bytes).
    Removing rt_membox.o(i._calloc_box), (32 bytes).
    Removing rt_cmsis.o(i.__ARM_common_ll_muluu), (48 bytes).

112 unused section(s) (total 4958 bytes) removed from the image.

==============================================================================

Image Symbol Table

    Local Symbols

    Symbol Name                              Value     Ov Type        Size  Object(Section)

    ../clib/../cmprslib/zerorunl.c           0x00000000   Number         0  __dczerorl.o ABSOLUTE
    ../clib/microlib/division.c              0x00000000   Number         0  uidiv.o ABSOLUTE
    ../clib/microlib/division.c              0x00000000   Number         0  uldiv.o ABSOLUTE
    ../clib/microlib/init/entry.s            0x00000000   Number         0  entry2.o ABSOLUTE
    ../clib/microlib/init/entry.s            0x00000000   Number         0  entry.o ABSOLUTE
    ../clib/microlib/init/entry.s            0x00000000   Number         0  entry7b.o ABSOLUTE
    ../clib/microlib/init/entry.s            0x00000000   Number         0  entry7a.o ABSOLUTE
    ../clib/microlib/init/entry.s            0x00000000   Number         0  entry11a.o ABSOLUTE
    ../clib/microlib/init/entry.s            0x00000000   Number         0  entry10b.o ABSOLUTE
    ../clib/microlib/init/entry.s            0x00000000   Number         0  entry10a.o ABSOLUTE
    ../clib/microlib/init/entry.s            0x00000000   Number         0  entry11b.o ABSOLUTE
    ../clib/microlib/init/entry.s            0x00000000   Number         0  entry8b.o ABSOLUTE
    ../clib/microlib/init/entry.s            0x00000000   Number         0  entry8a.o ABSOLUTE
    ../clib/microlib/init/entry.s            0x00000000   Number         0  entry5.o ABSOLUTE
    ../clib/microlib/longlong.c              0x00000000   Number         0  llshl.o ABSOLUTE
    ../clib/microlib/longlong.c              0x00000000   Number         0  llushr.o ABSOLUTE
    ..\HAL_CM.c                              0x00000000   Number         0  hal_cm.o ABSOLUTE
    ..\\rt_CMSIS.c                           0x00000000   Number         0  rt_cmsis.o ABSOLUTE
    ..\\rt_System.c                          0x00000000   Number         0  rt_system.o ABSOLUTE
    ..\rt_CMSIS.c                            0x00000000   Number         0  rt_cmsis.o ABSOLUTE
    ..\rt_Event.c                            0x00000000   Number         0  rt_event.o ABSOLUTE
    ..\rt_List.c                             0x00000000   Number         0  rt_list.o ABSOLUTE
    ..\rt_Mailbox.c                          0x00000000   Number         0  rt_mailbox.o ABSOLUTE
    ..\rt_MemBox.c                           0x00000000   Number         0  rt_membox.o ABSOLUTE
    ..\rt_Memory.c                           0x00000000   Number         0  rt_memory.o ABSOLUTE
    ..\rt_Mutex.c                            0x00000000   Number         0  rt_mutex.o ABSOLUTE
    ..\rt_Robin.c                            0x00000000   Number         0  rt_robin.o ABSOLUTE
    ..\rt_Semaphore.c                        0x00000000   Number         0  rt_semaphore.o ABSOLUTE
    ..\rt_System.c                           0x00000000   Number         0  rt_system.o ABSOLUTE
    ..\rt_Task.c                             0x00000000   Number         0  rt_task.o ABSOLUTE
    ..\rt_Time.c                             0x00000000   Number         0  rt_time.o ABSOLUTE
    C:\Keil_v5\ARM\PACK\Keil\STM32F0xx_DFP\1.5.0\Boards\ST\STM32F072-Discovery\Common\Buttons_STM32F072-Discovery.c 0x00000000   Number         0  buttons_stm32f072-discovery.o ABSOLUTE
    C:\Keil_v5\ARM\PACK\Keil\STM32F0xx_DFP\1.5.0\Boards\ST\STM32F072-Discovery\Common\LED_STM32F072-Discovery.c 0x00000000   Number         0  led_stm32f072-discovery.o ABSOLUTE
    C:\\Keil_v5\\ARM\\PACK\\Keil\\STM32F0xx_DFP\\1.5.0\\Boards\\ST\\STM32F072-Discovery\\Common\\Buttons_STM32F072-Discovery.c 0x00000000   Number         0  buttons_stm32f072-discovery.o ABSOLUTE
    C:\\Keil_v5\\ARM\\PACK\\Keil\\STM32F0xx_DFP\\1.5.0\\Boards\\ST\\STM32F072-Discovery\\Common\\LED_STM32F072-Discovery.c 0x00000000   Number         0  led_stm32f072-discovery.o ABSOLUTE
    DAC_DRV.c                                0x00000000   Number         0  dac_drv.o ABSOLUTE
    DAC_DRV.c                                0x00000000   Number         0  dac_drv.o ABSOLUTE
    HAL_CM0.c                                0x00000000   Number         0  hal_cm0.o ABSOLUTE
    HAL_CM0.c                                0x00000000   Number         0  hal_cm0.o ABSOLUTE
    RTE\CMSIS\RTX_Conf_CM.c                  0x00000000   Number         0  rtx_conf_cm.o ABSOLUTE
    RTE\Device\STM32F072RB\startup_stm32f072xb.s 0x00000000   Number         0  startup_stm32f072xb.o ABSOLUTE
    RTE\Device\STM32F072RB\system_stm32f0xx.c 0x00000000   Number         0  system_stm32f0xx.o ABSOLUTE
    RTE\\Device\\STM32F072RB\\system_stm32f0xx.c 0x00000000   Number         0  system_stm32f0xx.o ABSOLUTE
    RTX_Blinky.c                             0x00000000   Number         0  rtx_blinky.o ABSOLUTE
    RTX_Blinky.c                             0x00000000   Number         0  rtx_blinky.o ABSOLUTE
    SVC_Table.s                              0x00000000   Number         0  svc_table.o ABSOLUTE
    dc.s                                     0x00000000   Number         0  dc.o ABSOLUTE
    handlers.s                               0x00000000   Number         0  handlers.o ABSOLUTE
    init.s                                   0x00000000   Number         0  init.o ABSOLUTE
    RESET                                    0x08000000   Section      192  startup_stm32f072xb.o(RESET)
    .ARM.Collect$$$$00000000                 0x080000c0   Section        0  entry.o(.ARM.Collect$$$$00000000)
    .ARM.Collect$$$$00000001                 0x080000c0   Section        4  entry2.o(.ARM.Collect$$$$00000001)
    .ARM.Collect$$$$00000004                 0x080000c4   Section        4  entry5.o(.ARM.Collect$$$$00000004)
    .ARM.Collect$$$$00000008                 0x080000c8   Section        0  entry7b.o(.ARM.Collect$$$$00000008)
    .ARM.Collect$$$$0000000A                 0x080000c8   Section        0  entry8b.o(.ARM.Collect$$$$0000000A)
    .ARM.Collect$$$$0000000D                 0x080000c8   Section        0  entry10a.o(.ARM.Collect$$$$0000000D)
    .ARM.Collect$$$$0000000F                 0x080000c8   Section        0  entry11a.o(.ARM.Collect$$$$0000000F)
    .ARM.Collect$$$$000000FF                 0x080000c8   Section        0  rtx_conf_cm.o(.ARM.Collect$$$$000000FF)
    .ARM.Collect$$$$00002712                 0x080000e0   Section        4  entry2.o(.ARM.Collect$$$$00002712)
    __lit__00000000                          0x080000e0   Data           4  entry2.o(.ARM.Collect$$$$00002712)
    .emb_text                                0x080000e4   Section      356  hal_cm0.o(.emb_text)
    .text                                    0x08000248   Section        0  rtx_blinky.o(.text)
    .text                                    0x08000424   Section        0  dac_drv.o(.text)
    .text                                    0x08000498   Section        0  buttons_stm32f072-discovery.o(.text)
    .text                                    0x08000500   Section        0  led_stm32f072-discovery.o(.text)
    .text                                    0x080005e4   Section        0  rtx_conf_cm.o(.text)
    .text                                    0x0800060c   Section       28  startup_stm32f072xb.o(.text)
    .text                                    0x08000628   Section        0  system_stm32f0xx.o(.text)
    .text                                    0x0800076c   Section        0  uidiv.o(.text)
    .text                                    0x08000798   Section       36  init.o(.text)
    .text                                    0x080007bc   Section        0  __dczerorl.o(.text)
    SVC_TABLE                                0x080007f8   Section        4  svc_table.o(SVC_TABLE)
    i.__scatterload_copy                     0x080007fc   Section       14  handlers.o(i.__scatterload_copy)
    i.__scatterload_null                     0x0800080a   Section        2  handlers.o(i.__scatterload_null)
    i.__scatterload_zeroinit                 0x0800080c   Section       14  handlers.o(i.__scatterload_zeroinit)
    i._init_box                              0x0800081a   Section        0  rt_membox.o(i._init_box)
    i.isrMessageGet                          0x08000862   Section        0  rt_cmsis.o(i.isrMessageGet)
    i.isrMessagePut                          0x08000890   Section        0  rt_cmsis.o(i.isrMessagePut)
    i.isr_mbx_receive                        0x080008c0   Section        0  rt_mailbox.o(i.isr_mbx_receive)
    i.isr_mbx_send                           0x08000906   Section        0  rt_mailbox.o(i.isr_mbx_send)
    i.osKernelInitialize                     0x08000914   Section        0  rt_cmsis.o(i.osKernelInitialize)
    i.osKernelStart                          0x0800093c   Section        0  rt_cmsis.o(i.osKernelStart)
    i.osMessageGet                           0x080009a8   Section        0  rt_cmsis.o(i.osMessageGet)
    i.osSignalWait                           0x080009c4   Section        0  rt_cmsis.o(i.osSignalWait)
    i.osThreadCreate                         0x080009e0   Section        0  rt_cmsis.o(i.osThreadCreate)
    i.osThreadExit                           0x08000a14   Section        0  rt_cmsis.o(i.osThreadExit)
    i.osTimerCall                            0x08000a2c   Section        0  rt_cmsis.o(i.osTimerCall)
    i.osTimerThread                          0x08000a3c   Section        0  rt_cmsis.o(i.osTimerThread)
    i.os_tick_init                           0x08000a68   Section        0  rt_system.o(i.os_tick_init)
    i.os_tick_irqack                         0x08000a94   Section        0  rt_system.o(i.os_tick_irqack)
    i.rt_alloc_box                           0x08000a96   Section        0  rt_membox.o(i.rt_alloc_box)
    i.rt_alloc_mem                           0x08000ab4   Section        0  rt_memory.o(i.rt_alloc_mem)
    i.rt_block                               0x08000af8   Section        0  rt_task.o(i.rt_block)
    i.rt_chk_robin                           0x08000b30   Section        0  rt_robin.o(i.rt_chk_robin)
    i.rt_dec_dly                             0x08000b74   Section        0  rt_list.o(i.rt_dec_dly)
    i.rt_dispatch                            0x08000be8   Section        0  rt_task.o(i.rt_dispatch)
    i.rt_evt_psh                             0x08000c28   Section        0  rt_event.o(i.rt_evt_psh)
    i.rt_evt_wait                            0x08000c78   Section        0  rt_event.o(i.rt_evt_wait)
    i.rt_free_box                            0x08000cb8   Section        0  rt_membox.o(i.rt_free_box)
    i.rt_free_mem                            0x08000cde   Section        0  rt_memory.o(i.rt_free_mem)
    i.rt_get_first                           0x08000d0e   Section        0  rt_list.o(i.rt_get_first)
    i.rt_id2obj                              0x08000d38   Section        0  rt_cmsis.o(i.rt_id2obj)
    rt_id2obj                                0x08000d39   Thumb Code     8  rt_cmsis.o(i.rt_id2obj)
    i.rt_init_context                        0x08000d40   Section        0  rt_task.o(i.rt_init_context)
    rt_init_context                          0x08000d41   Thumb Code    66  rt_task.o(i.rt_init_context)
    i.rt_init_mem                            0x08000d88   Section        0  rt_memory.o(i.rt_init_mem)
    i.rt_init_robin                          0x08000da4   Section        0  rt_robin.o(i.rt_init_robin)
    i.rt_init_stack                          0x08000dbc   Section        0  hal_cm.o(i.rt_init_stack)
    i.rt_mbx_check                           0x08000e34   Section        0  rt_mailbox.o(i.rt_mbx_check)
    i.rt_mbx_init                            0x08000e3c   Section        0  rt_mailbox.o(i.rt_mbx_init)
    i.rt_mbx_psh                             0x08000e60   Section        0  rt_mailbox.o(i.rt_mbx_psh)
    i.rt_mbx_wait                            0x08000f30   Section        0  rt_mailbox.o(i.rt_mbx_wait)
    i.rt_ms2tick                             0x08000fe0   Section        0  rt_cmsis.o(i.rt_ms2tick)
    rt_ms2tick                               0x08000fe1   Thumb Code    56  rt_cmsis.o(i.rt_ms2tick)
    i.rt_pop_req                             0x08001024   Section        0  rt_system.o(i.rt_pop_req)
    i.rt_psh_req                             0x08001094   Section        0  rt_system.o(i.rt_psh_req)
    i.rt_psq_enq                             0x080010b4   Section        0  rt_list.o(i.rt_psq_enq)
    i.rt_put_dly                             0x080010f4   Section        0  rt_list.o(i.rt_put_dly)
    i.rt_put_prio                            0x08001144   Section        0  rt_list.o(i.rt_put_prio)
    i.rt_put_rdy_first                       0x08001180   Section        0  rt_list.o(i.rt_put_rdy_first)
    i.rt_resort_prio                         0x08001194   Section        0  rt_list.o(i.rt_resort_prio)
    i.rt_ret_val                             0x080011c4   Section        0  hal_cm.o(i.rt_ret_val)
    i.rt_ret_val2                            0x080011ca   Section        0  hal_cm.o(i.rt_ret_val2)
    i.rt_rmv_dly                             0x080011d2   Section        0  rt_list.o(i.rt_rmv_dly)
    i.rt_rmv_list                            0x080011fc   Section        0  rt_list.o(i.rt_rmv_list)
    i.rt_sem_psh                             0x08001230   Section        0  rt_semaphore.o(i.rt_sem_psh)
    i.rt_stk_check                           0x08001264   Section        0  rt_system.o(i.rt_stk_check)
    i.rt_switch_req                          0x0800128c   Section        0  rt_task.o(i.rt_switch_req)
    i.rt_sys_init                            0x0800129c   Section        0  rt_task.o(i.rt_sys_init)
    i.rt_sys_start                           0x08001364   Section        0  rt_task.o(i.rt_sys_start)
    i.rt_systick                             0x080013c8   Section        0  rt_system.o(i.rt_systick)
    i.rt_tid2ptcb                            0x08001404   Section        0  rt_cmsis.o(i.rt_tid2ptcb)
    rt_tid2ptcb                              0x08001405   Thumb Code    18  rt_cmsis.o(i.rt_tid2ptcb)
    i.rt_timer_insert                        0x08001418   Section        0  rt_cmsis.o(i.rt_timer_insert)
    rt_timer_insert                          0x08001419   Thumb Code    52  rt_cmsis.o(i.rt_timer_insert)
    i.rt_tsk_create                          0x08001450   Section        0  rt_task.o(i.rt_tsk_create)
    i.rt_tsk_delete                          0x080014c8   Section        0  rt_task.o(i.rt_tsk_delete)
    i.rt_tsk_prio                            0x08001620   Section        0  rt_task.o(i.rt_tsk_prio)
    i.rt_tsk_self                            0x080016a0   Section        0  rt_task.o(i.rt_tsk_self)
    i.svcKernelInitialize                    0x080016b0   Section        0  rt_cmsis.o(i.svcKernelInitialize)
    i.svcKernelStart                         0x08001728   Section        0  rt_cmsis.o(i.svcKernelStart)
    i.svcMessageCreate                       0x08001774   Section        0  rt_cmsis.o(i.svcMessageCreate)
    i.svcMessageGet                          0x0800179e   Section        0  rt_cmsis.o(i.svcMessageGet)
    i.svcSignalWait                          0x080017dc   Section        0  rt_cmsis.o(i.svcSignalWait)
    i.svcThreadCreate                        0x08001838   Section        0  rt_cmsis.o(i.svcThreadCreate)
    i.svcThreadGetId                         0x080018b0   Section        0  rt_cmsis.o(i.svcThreadGetId)
    i.svcThreadTerminate                     0x080018cc   Section        0  rt_cmsis.o(i.svcThreadTerminate)
    i.svcTimerCall                           0x08001908   Section        0  rt_cmsis.o(i.svcTimerCall)
    i.sysTimerTick                           0x08001924   Section        0  rt_cmsis.o(i.sysTimerTick)
    .constdata                               0x0800197c   Section       16  rtx_blinky.o(.constdata)
    .constdata                               0x0800198c   Section       16  led_stm32f072-discovery.o(.constdata)
    .constdata                               0x0800199c   Section       86  rtx_conf_cm.o(.constdata)
    __tagsym$$used                           0x080019b8   Number         0  rtx_conf_cm.o(.constdata)
    __tagsym$$used                           0x080019bc   Number         0  rtx_conf_cm.o(.constdata)
    __tagsym$$used                           0x080019c0   Number         0  rtx_conf_cm.o(.constdata)
    __tagsym$$used                           0x080019c4   Number         0  rtx_conf_cm.o(.constdata)
    .constdata                               0x080019f2   Section       16  system_stm32f0xx.o(.constdata)
    .data                                    0x20000000   Section      550  rtx_blinky.o(.data)
    .data                                    0x20000228   Section       32  rtx_conf_cm.o(.data)
    .data                                    0x20000248   Section        4  system_stm32f0xx.o(.data)
    .data                                    0x2000024c   Section        8  rt_cmsis.o(.data)
    .data                                    0x20000254   Section        8  rt_task.o(.data)
    .data                                    0x2000025c   Section        8  rt_system.o(.data)
    os_lock                                  0x2000025c   Data           1  rt_system.o(.data)
    os_psh_flag                              0x2000025d   Data           1  rt_system.o(.data)
    pend_flags                               0x2000025e   Data           1  rt_system.o(.data)
    .data                                    0x20000264   Section        4  rt_time.o(.data)
    .data                                    0x20000268   Section        8  rt_robin.o(.data)
    .bss                                     0x20000270   Section      362  rtx_blinky.o(.bss)
    .bss                                     0x200003e0   Section     1192  rtx_conf_cm.o(.bss)
    .bss                                     0x20000888   Section       52  rt_task.o(.bss)
    .bss                                     0x200008bc   Section       48  rt_list.o(.bss)
    STACK                                    0x200008f0   Section     1024  startup_stm32f072xb.o(STACK)

    Global Symbols

    Symbol Name                              Value     Ov Type        Size  Object(Section)

    BuildAttributes$$THM_ISAv3M$S$PE$A:L22$X:L11$S22$IEEE1$IW$USESV6$~STKCKD$USESV7$~SHL$OSPACE$EBA8$MICROLIB$REQ8$PRES8$EABIv2 0x00000000   Number         0  anon$$obj.o ABSOLUTE
    __ARM_use_no_argv                        0x00000000   Number         0  rtx_blinky.o ABSOLUTE
    __cpp_initialize__aeabi_                  - Undefined Weak Reference
    __cxa_finalize                            - Undefined Weak Reference
    _clock_init                               - Undefined Weak Reference
    _microlib_exit                            - Undefined Weak Reference
    __Vectors_Size                           0x000000c0   Number         0  startup_stm32f072xb.o ABSOLUTE
    __RL_RTX_VER                             0x00000480   Number         0  rt_system.o ABSOLUTE
    __Vectors                                0x08000000   Data           4  startup_stm32f072xb.o(RESET)
    __Vectors_End                            0x080000c0   Data           0  startup_stm32f072xb.o(RESET)
    __main                                   0x080000c1   Thumb Code     0  entry.o(.ARM.Collect$$$$00000000)
    _main_stk                                0x080000c1   Thumb Code     0  entry2.o(.ARM.Collect$$$$00000001)
    _main_scatterload                        0x080000c5   Thumb Code     0  entry5.o(.ARM.Collect$$$$00000004)
    __main_after_scatterload                 0x080000c9   Thumb Code     0  entry5.o(.ARM.Collect$$$$00000004)
    __rt_final_cpp                           0x080000c9   Thumb Code     0  entry10a.o(.ARM.Collect$$$$0000000D)
    __rt_final_exit                          0x080000c9   Thumb Code     0  entry11a.o(.ARM.Collect$$$$0000000F)
    _main_clock                              0x080000c9   Thumb Code     0  entry7b.o(.ARM.Collect$$$$00000008)
    _main_cpp_init                           0x080000c9   Thumb Code     0  entry8b.o(.ARM.Collect$$$$0000000A)
    _main_init                               0x080000c9   Thumb Code    18  rtx_conf_cm.o(.ARM.Collect$$$$000000FF)
    rt_set_PSP                               0x080000e5   Thumb Code     6  hal_cm0.o(.emb_text)
    rt_get_PSP                               0x080000eb   Thumb Code     6  hal_cm0.o(.emb_text)
    os_set_env                               0x080000f1   Thumb Code    32  hal_cm0.o(.emb_text)
    _alloc_box                               0x08000115   Thumb Code    28  hal_cm0.o(.emb_text)
    _free_box                                0x08000135   Thumb Code    28  hal_cm0.o(.emb_text)
    SVC_Handler                              0x08000155   Thumb Code   136  hal_cm0.o(.emb_text)
    PendSV_Handler                           0x080001e9   Thumb Code    72  hal_cm0.o(.emb_text)
    SysTick_Handler                          0x08000235   Thumb Code     8  hal_cm0.o(.emb_text)
    OS_Tick_Handler                          0x0800023d   Thumb Code    12  hal_cm0.o(.emb_text)
    SystemCoreClockConfigure                 0x08000249   Thumb Code   196  rtx_blinky.o(.text)
    blinkLED                                 0x0800030d   Thumb Code    62  rtx_blinky.o(.text)
    main                                     0x0800034b   Thumb Code   184  rtx_blinky.o(.text)
    DAC_read                                 0x08000425   Thumb Code    10  dac_drv.o(.text)
    DAC_write                                0x0800042f   Thumb Code    10  dac_drv.o(.text)
    DAC_enable                               0x08000439   Thumb Code    14  dac_drv.o(.text)
    DAC_init                                 0x08000447   Thumb Code    74  dac_drv.o(.text)
    Buttons_Initialize                       0x08000499   Thumb Code    54  buttons_stm32f072-discovery.o(.text)
    Buttons_Uninitialize                     0x080004cf   Thumb Code    20  buttons_stm32f072-discovery.o(.text)
    Buttons_GetState                         0x080004e3   Thumb Code    22  buttons_stm32f072-discovery.o(.text)
    Buttons_GetCount                         0x080004f9   Thumb Code     4  buttons_stm32f072-discovery.o(.text)
    LED_Off                                  0x08000501   Thumb Code    28  led_stm32f072-discovery.o(.text)
    LED_On                                   0x0800051d   Thumb Code    26  led_stm32f072-discovery.o(.text)
    LED_SetOut                               0x08000537   Thumb Code    42  led_stm32f072-discovery.o(.text)
    LED_Initialize                           0x08000561   Thumb Code   110  led_stm32f072-discovery.o(.text)
    LED_Uninitialize                         0x080005cf   Thumb Code     4  led_stm32f072-discovery.o(.text)
    LED_GetCount                             0x080005d3   Thumb Code     4  led_stm32f072-discovery.o(.text)
    os_idle_demon                            0x080005e5   Thumb Code     4  rtx_conf_cm.o(.text)
    os_error                                 0x080005e9   Thumb Code    34  rtx_conf_cm.o(.text)
    Reset_Handler                            0x0800060d   Thumb Code     8  startup_stm32f072xb.o(.text)
    NMI_Handler                              0x08000615   Thumb Code     2  startup_stm32f072xb.o(.text)
    HardFault_Handler                        0x08000617   Thumb Code     2  startup_stm32f072xb.o(.text)
    ADC1_COMP_IRQHandler                     0x0800061f   Thumb Code     0  startup_stm32f072xb.o(.text)
    CEC_CAN_IRQHandler                       0x0800061f   Thumb Code     0  startup_stm32f072xb.o(.text)
    DMA1_Channel1_IRQHandler                 0x0800061f   Thumb Code     0  startup_stm32f072xb.o(.text)
    DMA1_Channel2_3_IRQHandler               0x0800061f   Thumb Code     0  startup_stm32f072xb.o(.text)
    DMA1_Channel4_5_6_7_IRQHandler           0x0800061f   Thumb Code     0  startup_stm32f072xb.o(.text)
    EXTI0_1_IRQHandler                       0x0800061f   Thumb Code     0  startup_stm32f072xb.o(.text)
    EXTI2_3_IRQHandler                       0x0800061f   Thumb Code     0  startup_stm32f072xb.o(.text)
    EXTI4_15_IRQHandler                      0x0800061f   Thumb Code     0  startup_stm32f072xb.o(.text)
    FLASH_IRQHandler                         0x0800061f   Thumb Code     0  startup_stm32f072xb.o(.text)
    I2C1_IRQHandler                          0x0800061f   Thumb Code     0  startup_stm32f072xb.o(.text)
    I2C2_IRQHandler                          0x0800061f   Thumb Code     0  startup_stm32f072xb.o(.text)
    PVD_VDDIO2_IRQHandler                    0x0800061f   Thumb Code     0  startup_stm32f072xb.o(.text)
    RCC_CRS_IRQHandler                       0x0800061f   Thumb Code     0  startup_stm32f072xb.o(.text)
    RTC_IRQHandler                           0x0800061f   Thumb Code     0  startup_stm32f072xb.o(.text)
    SPI1_IRQHandler                          0x0800061f   Thumb Code     0  startup_stm32f072xb.o(.text)
    SPI2_IRQHandler                          0x0800061f   Thumb Code     0  startup_stm32f072xb.o(.text)
    TIM14_IRQHandler                         0x0800061f   Thumb Code     0  startup_stm32f072xb.o(.text)
    TIM15_IRQHandler                         0x0800061f   Thumb Code     0  startup_stm32f072xb.o(.text)
    TIM16_IRQHandler                         0x0800061f   Thumb Code     0  startup_stm32f072xb.o(.text)
    TIM17_IRQHandler                         0x0800061f   Thumb Code     0  startup_stm32f072xb.o(.text)
    TIM1_BRK_UP_TRG_COM_IRQHandler           0x0800061f   Thumb Code     0  startup_stm32f072xb.o(.text)
    TIM1_CC_IRQHandler                       0x0800061f   Thumb Code     0  startup_stm32f072xb.o(.text)
    TIM2_IRQHandler                          0x0800061f   Thumb Code     0  startup_stm32f072xb.o(.text)
    TIM3_IRQHandler                          0x0800061f   Thumb Code     0  startup_stm32f072xb.o(.text)
    TIM6_DAC_IRQHandler                      0x0800061f   Thumb Code     0  startup_stm32f072xb.o(.text)
    TIM7_IRQHandler                          0x0800061f   Thumb Code     0  startup_stm32f072xb.o(.text)
    TSC_IRQHandler                           0x0800061f   Thumb Code     0  startup_stm32f072xb.o(.text)
    USART1_IRQHandler                        0x0800061f   Thumb Code     0  startup_stm32f072xb.o(.text)
    USART2_IRQHandler                        0x0800061f   Thumb Code     0  startup_stm32f072xb.o(.text)
    USART3_4_IRQHandler                      0x0800061f   Thumb Code     0  startup_stm32f072xb.o(.text)
    USB_IRQHandler                           0x0800061f   Thumb Code     0  startup_stm32f072xb.o(.text)
    WWDG_IRQHandler                          0x0800061f   Thumb Code     0  startup_stm32f072xb.o(.text)
    SystemInit                               0x08000629   Thumb Code   102  system_stm32f0xx.o(.text)
    SystemCoreClockUpdate                    0x0800068f   Thumb Code   188  system_stm32f0xx.o(.text)
    __aeabi_uidiv                            0x0800076d   Thumb Code     0  uidiv.o(.text)
    __aeabi_uidivmod                         0x0800076d   Thumb Code    44  uidiv.o(.text)
    __scatterload                            0x08000799   Thumb Code    28  init.o(.text)
    __scatterload_rt2                        0x08000799   Thumb Code     0  init.o(.text)
    __decompress                             0x080007bd   Thumb Code     0  __dczerorl.o(.text)
    __decompress0                            0x080007bd   Thumb Code    58  __dczerorl.o(.text)
    SVC_Count                                0x080007f8   Data           4  svc_table.o(SVC_TABLE)
    SVC_Table                                0x080007fc   Data           0  svc_table.o(SVC_TABLE)
    __scatterload_copy                       0x080007fd   Thumb Code    14  handlers.o(i.__scatterload_copy)
    __scatterload_null                       0x0800080b   Thumb Code     2  handlers.o(i.__scatterload_null)
    __scatterload_zeroinit                   0x0800080d   Thumb Code    14  handlers.o(i.__scatterload_zeroinit)
    _init_box                                0x0800081b   Thumb Code    72  rt_membox.o(i._init_box)
    isrMessageGet                            0x08000863   Thumb Code    46  rt_cmsis.o(i.isrMessageGet)
    isrMessagePut                            0x08000891   Thumb Code    48  rt_cmsis.o(i.isrMessagePut)
    isr_mbx_receive                          0x080008c1   Thumb Code    70  rt_mailbox.o(i.isr_mbx_receive)
    isr_mbx_send                             0x08000907   Thumb Code    12  rt_mailbox.o(i.isr_mbx_send)
    osKernelInitialize                       0x08000915   Thumb Code    36  rt_cmsis.o(i.osKernelInitialize)
    osKernelStart                            0x0800093d   Thumb Code   100  rt_cmsis.o(i.osKernelStart)
    osMessageGet                             0x080009a9   Thumb Code    24  rt_cmsis.o(i.osMessageGet)
    osSignalWait                             0x080009c5   Thumb Code    22  rt_cmsis.o(i.osSignalWait)
    osThreadCreate                           0x080009e1   Thumb Code    44  rt_cmsis.o(i.osThreadCreate)
    osThreadExit                             0x08000a15   Thumb Code    14  rt_cmsis.o(i.osThreadExit)
    osTimerCall                              0x08000a2d   Thumb Code    10  rt_cmsis.o(i.osTimerCall)
    osTimerThread                            0x08000a3d   Thumb Code    38  rt_cmsis.o(i.osTimerThread)
    os_tick_init                             0x08000a69   Thumb Code    32  rt_system.o(i.os_tick_init)
    os_tick_irqack                           0x08000a95   Thumb Code     2  rt_system.o(i.os_tick_irqack)
    rt_alloc_box                             0x08000a97   Thumb Code    30  rt_membox.o(i.rt_alloc_box)
    rt_alloc_mem                             0x08000ab5   Thumb Code    66  rt_memory.o(i.rt_alloc_mem)
    rt_block                                 0x08000af9   Thumb Code    42  rt_task.o(i.rt_block)
    rt_chk_robin                             0x08000b31   Thumb Code    56  rt_robin.o(i.rt_chk_robin)
    rt_dec_dly                               0x08000b75   Thumb Code   108  rt_list.o(i.rt_dec_dly)
    rt_dispatch                              0x08000be9   Thumb Code    56  rt_task.o(i.rt_dispatch)
    rt_evt_psh                               0x08000c29   Thumb Code    74  rt_event.o(i.rt_evt_psh)
    rt_evt_wait                              0x08000c79   Thumb Code    58  rt_event.o(i.rt_evt_wait)
    rt_free_box                              0x08000cb9   Thumb Code    38  rt_membox.o(i.rt_free_box)
    rt_free_mem                              0x08000cdf   Thumb Code    48  rt_memory.o(i.rt_free_mem)
    rt_get_first                             0x08000d0f   Thumb Code    42  rt_list.o(i.rt_get_first)
    rt_init_mem                              0x08000d89   Thumb Code    28  rt_memory.o(i.rt_init_mem)
    rt_init_robin                            0x08000da5   Thumb Code    14  rt_robin.o(i.rt_init_robin)
    rt_init_stack                            0x08000dbd   Thumb Code   106  hal_cm.o(i.rt_init_stack)
    rt_mbx_check                             0x08000e35   Thumb Code     8  rt_mailbox.o(i.rt_mbx_check)
    rt_mbx_init                              0x08000e3d   Thumb Code    30  rt_mailbox.o(i.rt_mbx_init)
    rt_mbx_psh                               0x08000e61   Thumb Code   204  rt_mailbox.o(i.rt_mbx_psh)
    rt_mbx_wait                              0x08000f31   Thumb Code   170  rt_mailbox.o(i.rt_mbx_wait)
    rt_pop_req                               0x08001025   Thumb Code   100  rt_system.o(i.rt_pop_req)
    rt_psh_req                               0x08001095   Thumb Code    24  rt_system.o(i.rt_psh_req)
    rt_psq_enq                               0x080010b5   Thumb Code    60  rt_list.o(i.rt_psq_enq)
    rt_put_dly                               0x080010f5   Thumb Code    74  rt_list.o(i.rt_put_dly)
    rt_put_prio                              0x08001145   Thumb Code    60  rt_list.o(i.rt_put_prio)
    rt_put_rdy_first                         0x08001181   Thumb Code    14  rt_list.o(i.rt_put_rdy_first)
    rt_resort_prio                           0x08001195   Thumb Code    44  rt_list.o(i.rt_resort_prio)
    rt_ret_val                               0x080011c5   Thumb Code     6  hal_cm.o(i.rt_ret_val)
    rt_ret_val2                              0x080011cb   Thumb Code     8  hal_cm.o(i.rt_ret_val2)
    rt_rmv_dly                               0x080011d3   Thumb Code    42  rt_list.o(i.rt_rmv_dly)
    rt_rmv_list                              0x080011fd   Thumb Code    46  rt_list.o(i.rt_rmv_list)
    rt_sem_psh                               0x08001231   Thumb Code    48  rt_semaphore.o(i.rt_sem_psh)
    rt_stk_check                             0x08001265   Thumb Code    30  rt_system.o(i.rt_stk_check)
    rt_switch_req                            0x0800128d   Thumb Code    10  rt_task.o(i.rt_switch_req)
    rt_sys_init                              0x0800129d   Thumb Code   134  rt_task.o(i.rt_sys_init)
    rt_sys_start                             0x08001365   Thumb Code    82  rt_task.o(i.rt_sys_start)
    rt_systick                               0x080013c9   Thumb Code    48  rt_system.o(i.rt_systick)
    rt_tsk_create                            0x08001451   Thumb Code   106  rt_task.o(i.rt_tsk_create)
    rt_tsk_delete                            0x080014c9   Thumb Code   318  rt_task.o(i.rt_tsk_delete)
    rt_tsk_prio                              0x08001621   Thumb Code   112  rt_task.o(i.rt_tsk_prio)
    rt_tsk_self                              0x080016a1   Thumb Code    12  rt_task.o(i.rt_tsk_self)
    svcKernelInitialize                      0x080016b1   Thumb Code    86  rt_cmsis.o(i.svcKernelInitialize)
    svcKernelStart                           0x08001729   Thumb Code    66  rt_cmsis.o(i.svcKernelStart)
    svcMessageCreate                         0x08001775   Thumb Code    42  rt_cmsis.o(i.svcMessageCreate)
    svcMessageGet                            0x0800179f   Thumb Code    60  rt_cmsis.o(i.svcMessageGet)
    svcSignalWait                            0x080017dd   Thumb Code    82  rt_cmsis.o(i.svcSignalWait)
    svcThreadCreate                          0x08001839   Thumb Code   106  rt_cmsis.o(i.svcThreadCreate)
    svcThreadGetId                           0x080018b1   Thumb Code    22  rt_cmsis.o(i.svcThreadGetId)
    svcThreadTerminate                       0x080018cd   Thumb Code    56  rt_cmsis.o(i.svcThreadTerminate)
    svcTimerCall                             0x08001909   Thumb Code    28  rt_cmsis.o(i.svcTimerCall)
    sysTimerTick                             0x08001925   Thumb Code    78  rt_cmsis.o(i.sysTimerTick)
    os_thread_def_blinkLED                   0x0800197c   Data          16  rtx_blinky.o(.constdata)
    led_mask                                 0x0800198c   Data          16  led_stm32f072-discovery.o(.constdata)
    os_maxtaskrun                            0x0800199c   Data           2  rtx_conf_cm.o(.constdata)
    os_stackinfo                             0x080019a0   Data           4  rtx_conf_cm.o(.constdata)
    os_rrobin                                0x080019a4   Data           4  rtx_conf_cm.o(.constdata)
    os_tickfreq                              0x080019a8   Data           4  rtx_conf_cm.o(.constdata)
    os_tickus_i                              0x080019ac   Data           2  rtx_conf_cm.o(.constdata)
    os_tickus_f                              0x080019ae   Data           2  rtx_conf_cm.o(.constdata)
    os_trv                                   0x080019b0   Data           4  rtx_conf_cm.o(.constdata)
    os_flags                                 0x080019b4   Data           1  rtx_conf_cm.o(.constdata)
    CMSIS_RTOS_API_Version                   0x080019b8   Data           4  rtx_conf_cm.o(.constdata)
    CMSIS_RTOS_RTX_Version                   0x080019bc   Data           4  rtx_conf_cm.o(.constdata)
    os_clockrate                             0x080019c0   Data           4  rtx_conf_cm.o(.constdata)
    os_timernum                              0x080019c4   Data           4  rtx_conf_cm.o(.constdata)
    mp_tcb_size                              0x080019c8   Data           2  rtx_conf_cm.o(.constdata)
    mp_stk_size                              0x080019cc   Data           4  rtx_conf_cm.o(.constdata)
    os_stack_sz                              0x080019d0   Data           4  rtx_conf_cm.o(.constdata)
    os_fifo_size                             0x080019d4   Data           1  rtx_conf_cm.o(.constdata)
    os_thread_def_osTimerThread              0x080019d8   Data          16  rtx_conf_cm.o(.constdata)
    os_messageQ_def_osTimerMessageQ          0x080019e8   Data           8  rtx_conf_cm.o(.constdata)
    mp_tmr_size                              0x080019f0   Data           2  rtx_conf_cm.o(.constdata)
    AHBPrescTable                            0x080019f2   Data          16  system_stm32f0xx.o(.constdata)
    Region$$Table$$Base                      0x08001a04   Number         0  anon$$obj.o(Region$$Table)
    Region$$Table$$Limit                     0x08001a24   Number         0  anon$$obj.o(Region$$Table)
    tid_blinkLED                             0x20000000   Data           4  rtx_blinky.o(.data)
    DAC_value                                0x20000004   Data         182  rtx_blinky.o(.data)
    DAC_value1                               0x200000ba   Data         362  rtx_blinky.o(.data)
    Counter                                  0x20000224   Data           1  rtx_blinky.o(.data)
    Direction                                0x20000225   Data           1  rtx_blinky.o(.data)
    osThreadId_osTimerThread                 0x20000228   Data           4  rtx_conf_cm.o(.data)
    osMessageQId_osTimerMessageQ             0x2000022c   Data           4  rtx_conf_cm.o(.data)
    os_tmr                                   0x20000230   Data           4  rtx_conf_cm.o(.data)
    m_tmr                                    0x20000234   Data           4  rtx_conf_cm.o(.data)
    os_thread_def_main                       0x20000238   Data          16  rtx_conf_cm.o(.data)
    SystemCoreClock                          0x20000248   Data           4  system_stm32f0xx.o(.data)
    os_initialized                           0x2000024c   Data           1  rt_cmsis.o(.data)
    os_running                               0x2000024d   Data           1  rt_cmsis.o(.data)
    os_timer_head                            0x20000250   Data           4  rt_cmsis.o(.data)
    os_tsk                                   0x20000254   Data           8  rt_task.o(.data)
    os_tick_irqn                             0x20000260   Data           4  rt_system.o(.data)
    os_time                                  0x20000264   Data           4  rt_time.o(.data)
    os_robin                                 0x20000268   Data           8  rt_robin.o(.data)
    DAC_value2                               0x20000270   Data         362  rtx_blinky.o(.bss)
    mp_tcb                                   0x200003e0   Data         168  rtx_conf_cm.o(.bss)
    mp_stk                                   0x20000488   Data         416  rtx_conf_cm.o(.bss)
    os_stack_mem                             0x20000628   Data         432  rtx_conf_cm.o(.bss)
    os_fifo                                  0x200007d8   Data         132  rtx_conf_cm.o(.bss)
    os_active_TCB                            0x2000085c   Data          12  rtx_conf_cm.o(.bss)
    os_messageQ_q_osTimerMessageQ            0x20000868   Data          32  rtx_conf_cm.o(.bss)
    os_idle_TCB                              0x20000888   Data          52  rt_task.o(.bss)
    os_rdy                                   0x200008bc   Data          24  rt_list.o(.bss)
    os_dly                                   0x200008d4   Data          24  rt_list.o(.bss)
    __initial_sp                             0x20000cf0   Data           0  startup_stm32f072xb.o(STACK)



==============================================================================

Memory Map of the image

  Image Entry point : 0x080000c1

  Load Region LR_IROM1 (Base: 0x08000000, Size: 0x00001c94, Max: 0x00020000, ABSOLUTE, COMPRESSED[0x00001c50])

    Execution Region ER_IROM1 (Base: 0x08000000, Size: 0x00001a24, Max: 0x00020000, ABSOLUTE)

    Base Addr    Size         Type   Attr      Idx    E Section Name        Object

    0x08000000   0x000000c0   Data   RO          164    RESET               startup_stm32f072xb.o
    0x080000c0   0x00000000   Code   RO         1381  * .ARM.Collect$$$$00000000  mc_p.l(entry.o)
    0x080000c0   0x00000004   Code   RO         1388    .ARM.Collect$$$$00000001  mc_p.l(entry2.o)
    0x080000c4   0x00000004   Code   RO         1391    .ARM.Collect$$$$00000004  mc_p.l(entry5.o)
    0x080000c8   0x00000000   Code   RO         1393    .ARM.Collect$$$$00000008  mc_p.l(entry7b.o)
    0x080000c8   0x00000000   Code   RO         1395    .ARM.Collect$$$$0000000A  mc_p.l(entry8b.o)
    0x080000c8   0x00000000   Code   RO         1396    .ARM.Collect$$$$0000000D  mc_p.l(entry10a.o)
    0x080000c8   0x00000000   Code   RO         1398    .ARM.Collect$$$$0000000F  mc_p.l(entry11a.o)
    0x080000c8   0x00000018   Code   RO          133    .ARM.Collect$$$$000000FF  rtx_conf_cm.o
    0x080000e0   0x00000004   Code   RO         1389    .ARM.Collect$$$$00002712  mc_p.l(entry2.o)
    0x080000e4   0x00000164   Code   RO         1368    .emb_text           RTX_CM0.lib(hal_cm0.o)
    0x08000248   0x000001dc   Code   RO            3    .text               rtx_blinky.o
    0x08000424   0x00000074   Code   RO           72    .text               dac_drv.o
    0x08000498   0x00000068   Code   RO           92    .text               buttons_stm32f072-discovery.o
    0x08000500   0x000000e4   Code   RO          112    .text               led_stm32f072-discovery.o
    0x080005e4   0x00000026   Code   RO          134    .text               rtx_conf_cm.o
    0x0800060a   0x00000002   PAD
    0x0800060c   0x0000001c   Code   RO          165    .text               startup_stm32f072xb.o
    0x08000628   0x00000144   Code   RO          171    .text               system_stm32f0xx.o
    0x0800076c   0x0000002c   Code   RO         1384    .text               mc_p.l(uidiv.o)
    0x08000798   0x00000024   Code   RO         1404    .text               mc_p.l(init.o)
    0x080007bc   0x0000003a   Code   RO         1414    .text               mc_p.l(__dczerorl.o)
    0x080007f6   0x00000002   PAD
    0x080007f8   0x00000004   Code   RO         1378    SVC_TABLE           RTX_CM0.lib(svc_table.o)
    0x080007fc   0x0000000e   Code   RO         1408    i.__scatterload_copy  mc_p.l(handlers.o)
    0x0800080a   0x00000002   Code   RO         1409    i.__scatterload_null  mc_p.l(handlers.o)
    0x0800080c   0x0000000e   Code   RO         1410    i.__scatterload_zeroinit  mc_p.l(handlers.o)
    0x0800081a   0x00000048   Code   RO         1270    i._init_box         RTX_CM0.lib(rt_membox.o)
    0x08000862   0x0000002e   Code   RO          198    i.isrMessageGet     RTX_CM0.lib(rt_cmsis.o)
    0x08000890   0x00000030   Code   RO          199    i.isrMessagePut     RTX_CM0.lib(rt_cmsis.o)
    0x080008c0   0x00000046   Code   RO         1116    i.isr_mbx_receive   RTX_CM0.lib(rt_mailbox.o)
    0x08000906   0x0000000c   Code   RO         1117    i.isr_mbx_send      RTX_CM0.lib(rt_mailbox.o)
    0x08000912   0x00000002   PAD
    0x08000914   0x00000028   Code   RO          203    i.osKernelInitialize  RTX_CM0.lib(rt_cmsis.o)
    0x0800093c   0x0000006c   Code   RO          205    i.osKernelStart     RTX_CM0.lib(rt_cmsis.o)
    0x080009a8   0x0000001c   Code   RO          214    i.osMessageGet      RTX_CM0.lib(rt_cmsis.o)
    0x080009c4   0x0000001c   Code   RO          230    i.osSignalWait      RTX_CM0.lib(rt_cmsis.o)
    0x080009e0   0x00000034   Code   RO          231    i.osThreadCreate    RTX_CM0.lib(rt_cmsis.o)
    0x08000a14   0x00000018   Code   RO          232    i.osThreadExit      RTX_CM0.lib(rt_cmsis.o)
    0x08000a2c   0x00000010   Code   RO          238    i.osTimerCall       RTX_CM0.lib(rt_cmsis.o)
    0x08000a3c   0x0000002c   Code   RO          243    i.osTimerThread     RTX_CM0.lib(rt_cmsis.o)
    0x08000a68   0x0000002c   Code   RO          904    i.os_tick_init      RTX_CM0.lib(rt_system.o)
    0x08000a94   0x00000002   Code   RO          905    i.os_tick_irqack    RTX_CM0.lib(rt_system.o)
    0x08000a96   0x0000001e   Code   RO         1271    i.rt_alloc_box      RTX_CM0.lib(rt_membox.o)
    0x08000ab4   0x00000042   Code   RO         1299    i.rt_alloc_mem      RTX_CM0.lib(rt_memory.o)
    0x08000af6   0x00000002   PAD
    0x08000af8   0x00000038   Code   RO          819    i.rt_block          RTX_CM0.lib(rt_task.o)
    0x08000b30   0x00000044   Code   RO         1347    i.rt_chk_robin      RTX_CM0.lib(rt_robin.o)
    0x08000b74   0x00000074   Code   RO         1040    i.rt_dec_dly        RTX_CM0.lib(rt_list.o)
    0x08000be8   0x00000040   Code   RO          820    i.rt_dispatch       RTX_CM0.lib(rt_task.o)
    0x08000c28   0x00000050   Code   RO          997    i.rt_evt_psh        RTX_CM0.lib(rt_event.o)
    0x08000c78   0x00000040   Code   RO          999    i.rt_evt_wait       RTX_CM0.lib(rt_event.o)
    0x08000cb8   0x00000026   Code   RO         1272    i.rt_free_box       RTX_CM0.lib(rt_membox.o)
    0x08000cde   0x00000030   Code   RO         1300    i.rt_free_mem       RTX_CM0.lib(rt_memory.o)
    0x08000d0e   0x0000002a   Code   RO         1041    i.rt_get_first      RTX_CM0.lib(rt_list.o)
    0x08000d38   0x00000008   Code   RO          248    i.rt_id2obj         RTX_CM0.lib(rt_cmsis.o)
    0x08000d40   0x00000048   Code   RO          821    i.rt_init_context   RTX_CM0.lib(rt_task.o)
    0x08000d88   0x0000001c   Code   RO         1301    i.rt_init_mem       RTX_CM0.lib(rt_memory.o)
    0x08000da4   0x00000018   Code   RO         1348    i.rt_init_robin     RTX_CM0.lib(rt_robin.o)
    0x08000dbc   0x00000078   Code   RO         1323    i.rt_init_stack     RTX_CM0.lib(hal_cm.o)
    0x08000e34   0x00000008   Code   RO         1118    i.rt_mbx_check      RTX_CM0.lib(rt_mailbox.o)
    0x08000e3c   0x00000024   Code   RO         1119    i.rt_mbx_init       RTX_CM0.lib(rt_mailbox.o)
    0x08000e60   0x000000d0   Code   RO         1120    i.rt_mbx_psh        RTX_CM0.lib(rt_mailbox.o)
    0x08000f30   0x000000b0   Code   RO         1122    i.rt_mbx_wait       RTX_CM0.lib(rt_mailbox.o)
    0x08000fe0   0x00000044   Code   RO          249    i.rt_ms2tick        RTX_CM0.lib(rt_cmsis.o)
    0x08001024   0x00000070   Code   RO          908    i.rt_pop_req        RTX_CM0.lib(rt_system.o)
    0x08001094   0x00000020   Code   RO          909    i.rt_psh_req        RTX_CM0.lib(rt_system.o)
    0x080010b4   0x00000040   Code   RO         1043    i.rt_psq_enq        RTX_CM0.lib(rt_list.o)
    0x080010f4   0x00000050   Code   RO         1044    i.rt_put_dly        RTX_CM0.lib(rt_list.o)
    0x08001144   0x0000003c   Code   RO         1045    i.rt_put_prio       RTX_CM0.lib(rt_list.o)
    0x08001180   0x00000014   Code   RO         1046    i.rt_put_rdy_first  RTX_CM0.lib(rt_list.o)
    0x08001194   0x00000030   Code   RO         1047    i.rt_resort_prio    RTX_CM0.lib(rt_list.o)
    0x080011c4   0x00000006   Code   RO         1324    i.rt_ret_val        RTX_CM0.lib(hal_cm.o)
    0x080011ca   0x00000008   Code   RO         1325    i.rt_ret_val2       RTX_CM0.lib(hal_cm.o)
    0x080011d2   0x0000002a   Code   RO         1048    i.rt_rmv_dly        RTX_CM0.lib(rt_list.o)
    0x080011fc   0x00000034   Code   RO         1049    i.rt_rmv_list       RTX_CM0.lib(rt_list.o)
    0x08001230   0x00000034   Code   RO         1167    i.rt_sem_psh        RTX_CM0.lib(rt_semaphore.o)
    0x08001264   0x00000028   Code   RO          911    i.rt_stk_check      RTX_CM0.lib(rt_system.o)
    0x0800128c   0x00000010   Code   RO          822    i.rt_switch_req     RTX_CM0.lib(rt_task.o)
    0x0800129c   0x000000c8   Code   RO          823    i.rt_sys_init       RTX_CM0.lib(rt_task.o)
    0x08001364   0x00000064   Code   RO          824    i.rt_sys_start      RTX_CM0.lib(rt_task.o)
    0x080013c8   0x0000003c   Code   RO          913    i.rt_systick        RTX_CM0.lib(rt_system.o)
    0x08001404   0x00000012   Code   RO          250    i.rt_tid2ptcb       RTX_CM0.lib(rt_cmsis.o)
    0x08001416   0x00000002   PAD
    0x08001418   0x00000038   Code   RO          251    i.rt_timer_insert   RTX_CM0.lib(rt_cmsis.o)
    0x08001450   0x00000078   Code   RO          825    i.rt_tsk_create     RTX_CM0.lib(rt_task.o)
    0x080014c8   0x00000158   Code   RO          826    i.rt_tsk_delete     RTX_CM0.lib(rt_task.o)
    0x08001620   0x00000080   Code   RO          828    i.rt_tsk_prio       RTX_CM0.lib(rt_task.o)
    0x080016a0   0x00000010   Code   RO          829    i.rt_tsk_self       RTX_CM0.lib(rt_task.o)
    0x080016b0   0x00000078   Code   RO          254    i.svcKernelInitialize  RTX_CM0.lib(rt_cmsis.o)
    0x08001728   0x0000004c   Code   RO          256    i.svcKernelStart    RTX_CM0.lib(rt_cmsis.o)
    0x08001774   0x0000002a   Code   RO          259    i.svcMessageCreate  RTX_CM0.lib(rt_cmsis.o)
    0x0800179e   0x0000003c   Code   RO          260    i.svcMessageGet     RTX_CM0.lib(rt_cmsis.o)
    0x080017da   0x00000002   PAD
    0x080017dc   0x0000005c   Code   RO          273    i.svcSignalWait     RTX_CM0.lib(rt_cmsis.o)
    0x08001838   0x00000078   Code   RO          274    i.svcThreadCreate   RTX_CM0.lib(rt_cmsis.o)
    0x080018b0   0x0000001c   Code   RO          275    i.svcThreadGetId    RTX_CM0.lib(rt_cmsis.o)
    0x080018cc   0x0000003c   Code   RO          278    i.svcThreadTerminate  RTX_CM0.lib(rt_cmsis.o)
    0x08001908   0x0000001c   Code   RO          280    i.svcTimerCall      RTX_CM0.lib(rt_cmsis.o)
    0x08001924   0x00000058   Code   RO          289    i.sysTimerTick      RTX_CM0.lib(rt_cmsis.o)
    0x0800197c   0x00000010   Data   RO            5    .constdata          rtx_blinky.o
    0x0800198c   0x00000010   Data   RO          113    .constdata          led_stm32f072-discovery.o
    0x0800199c   0x00000056   Data   RO          136    .constdata          rtx_conf_cm.o
    0x080019f2   0x00000010   Data   RO          172    .constdata          system_stm32f0xx.o
    0x08001a02   0x00000002   PAD
    0x08001a04   0x00000020   Data   RO         1406    Region$$Table       anon$$obj.o


    Execution Region RW_IRAM1 (Base: 0x20000000, Size: 0x00000cf0, Max: 0x00004000, ABSOLUTE, COMPRESSED[0x0000022c])

    Base Addr    Size         Type   Attr      Idx    E Section Name        Object

    0x20000000   0x00000226   Data   RW            6    .data               rtx_blinky.o
    0x20000226   0x00000002   PAD
    0x20000228   0x00000020   Data   RW          137    .data               rtx_conf_cm.o
    0x20000248   0x00000004   Data   RW          173    .data               system_stm32f0xx.o
    0x2000024c   0x00000008   Data   RW          292    .data               RTX_CM0.lib(rt_cmsis.o)
    0x20000254   0x00000008   Data   RW          831    .data               RTX_CM0.lib(rt_task.o)
    0x2000025c   0x00000008   Data   RW          916    .data               RTX_CM0.lib(rt_system.o)
    0x20000264   0x00000004   Data   RW         1210    .data               RTX_CM0.lib(rt_time.o)
    0x20000268   0x00000008   Data   RW         1349    .data               RTX_CM0.lib(rt_robin.o)
    0x20000270   0x0000016a   Zero   RW            4    .bss                rtx_blinky.o
    0x200003da   0x00000006   PAD
    0x200003e0   0x000004a8   Zero   RW          135    .bss                rtx_conf_cm.o
    0x20000888   0x00000034   Zero   RW          830    .bss                RTX_CM0.lib(rt_task.o)
    0x200008bc   0x00000030   Zero   RW         1050    .bss                RTX_CM0.lib(rt_list.o)
    0x200008ec   0x00000004   PAD
    0x200008f0   0x00000400   Zero   RW          162    STACK               startup_stm32f072xb.o


==============================================================================

Image component sizes


      Code (inc. data)   RO Data    RW Data    ZI Data      Debug   Object Name

       104          4          0          0          0       1040   buttons_stm32f072-discovery.o
       116          8          0          0          0        841   dac_drv.o
       228         14         16          0          0       2268   led_stm32f072-discovery.o
       476         34         16        550        362      10679   rtx_blinky.o
        62          6         86         32       1192       7338   rtx_conf_cm.o
        28          8        192          0       1024        672   startup_stm32f072xb.o
       324         34         16          4          0       1703   system_stm32f0xx.o

    ----------------------------------------------------------------------
      1340        108        360        588       2584      24541   Object Totals
         0          0         32          0          0          0   (incl. Generated)
         2          0          2          2          6          0   (incl. Padding)

    ----------------------------------------------------------------------

      Code (inc. data)   RO Data    RW Data    ZI Data      Debug   Library Member Name

       134         14          0          0          0       1663   hal_cm.o
       356         40          0          0          0        832   hal_cm0.o
      1298        156          0          8          0      31456   rt_cmsis.o
       144         12          0          0          0       1359   rt_event.o
       524         34          0          0         48       7993   rt_list.o
       510         16          0          0          0       3781   rt_mailbox.o
       140          0          0          0          0       1933   rt_membox.o
       142          0          0          0          0       2283   rt_memory.o
        92         22          0          8          0       1102   rt_robin.o
        52          4          0          0          0        545   rt_semaphore.o
       290         54          0          8          0       5967   rt_system.o
      1116        178          0          8         52       9149   rt_task.o
         0          0          0          4          0        206   rt_time.o
         4          4          0          0          0        200   svc_table.o
        58          0          0          0          0          0   __dczerorl.o
         0          0          0          0          0          0   entry.o
         0          0          0          0          0          0   entry10a.o
         0          0          0          0          0          0   entry11a.o
         8          4          0          0          0          0   entry2.o
         4          0          0          0          0          0   entry5.o
         0          0          0          0          0          0   entry7b.o
         0          0          0          0          0          0   entry8b.o
        30          0          0          0          0          0   handlers.o
        36          8          0          0          0         68   init.o
        44          0          0          0          0         72   uidiv.o

    ----------------------------------------------------------------------
      4992        546          0         36        104      68609   Library Totals
        10          0          0          0          4          0   (incl. Padding)

    ----------------------------------------------------------------------

      Code (inc. data)   RO Data    RW Data    ZI Data      Debug   Library Name

      4802        534          0         36        100      68469   RTX_CM0.lib
       180         12          0          0          0        140   mc_p.l

    ----------------------------------------------------------------------
      4992        546          0         36        104      68609   Library Totals

    ----------------------------------------------------------------------

==============================================================================


      Code (inc. data)   RO Data    RW Data    ZI Data      Debug   

      6332        654        360        624       2688      90022   Grand Totals
      6332        654        360        556       2688      90022   ELF Image Totals (compressed)
      6332        654        360        556          0          0   ROM Totals

==============================================================================

    Total RO  Size (Code + RO Data)                 6692 (   6.54kB)
    Total RW  Size (RW Data + ZI Data)              3312 (   3.23kB)
    Total ROM Size (Code + RO Data + RW Data)       7248 (   7.08kB)

==============================================================================

